[    0.000000] Linux version 4.15.0-206-generic (buildd@lcy02-amd64-070) (gcc version 7.5.0 (Ubuntu 7.5.0-3ubuntu1~18.04)) #217-Ubuntu SMP Fri Feb 3 19:10:13 UTC 2023 (Ubuntu 4.15.0-206.217-generic 4.15.18)
[    0.000000] Command line: BOOT_IMAGE=/boot/vmlinuz-4.15.0-206-generic root=LABEL=cloudimg-rootfs ro console=tty1 console=ttyS0
[    0.000000] KERNEL supported cpus:
[    0.000000]   Intel GenuineIntel
[    0.000000]   AMD AuthenticAMD
[    0.000000]   Centaur CentaurHauls
[    0.000000] x86/fpu: x87 FPU will use FXSAVE
[    0.000000] e820: BIOS-provided physical RAM map:
[    0.000000] BIOS-e820: [mem 0x0000000000000000-0x000000000009fbff] usable
[    0.000000] BIOS-e820: [mem 0x000000000009fc00-0x000000000009ffff] reserved
[    0.000000] BIOS-e820: [mem 0x00000000000f0000-0x00000000000fffff] reserved
[    0.000000] BIOS-e820: [mem 0x0000000000100000-0x000000003ffeffff] usable
[    0.000000] BIOS-e820: [mem 0x000000003fff0000-0x000000003fffffff] ACPI data
[    0.000000] BIOS-e820: [mem 0x00000000fec00000-0x00000000fec00fff] reserved
[    0.000000] BIOS-e820: [mem 0x00000000fee00000-0x00000000fee00fff] reserved
[    0.000000] BIOS-e820: [mem 0x00000000fffc0000-0x00000000ffffffff] reserved
[    0.000000] NX (Execute Disable) protection: active
[    0.000000] SMBIOS 2.5 present.
[    0.000000] DMI: innotek GmbH VirtualBox/VirtualBox, BIOS VirtualBox 12/01/2006
[    0.000000] Hypervisor detected: KVM
[    0.000000] e820: last_pfn = 0x3fff0 max_arch_pfn = 0x400000000
[    0.000000] MTRR: Disabled
[    0.000000] x86/PAT: MTRRs disabled, skipping PAT initialization too.
[    0.000000] CPU MTRRs all blank - virtualized system.
[    0.000000] x86/PAT: Configuration [0-7]: WB  WT  UC- UC  WB  WT  UC- UC  
[    0.000000] found SMP MP-table at [mem 0x0009fff0-0x0009ffff]
[    0.000000] Scanning 1 areas for low memory corruption
[    0.000000] RAMDISK: [mem 0x359c9000-0x36cdbfff]
[    0.000000] ACPI: Early table checksum verification disabled
[    0.000000] ACPI: RSDP 0x00000000000E0000 000024 (v02 VBOX  )
[    0.000000] ACPI: XSDT 0x000000003FFF0030 00003C (v01 VBOX   VBOXXSDT 00000001 ASL  00000061)
[    0.000000] ACPI: FACP 0x000000003FFF00F0 0000F4 (v04 VBOX   VBOXFACP 00000001 ASL  00000061)
[    0.000000] ACPI: DSDT 0x000000003FFF0610 002353 (v02 VBOX   VBOXBIOS 00000002 INTL 20100528)
[    0.000000] ACPI: FACS 0x000000003FFF0200 000040
[    0.000000] ACPI: FACS 0x000000003FFF0200 000040
[    0.000000] ACPI: APIC 0x000000003FFF0240 00005C (v02 VBOX   VBOXAPIC 00000001 ASL  00000061)
[    0.000000] ACPI: SSDT 0x000000003FFF02A0 00036C (v01 VBOX   VBOXCPUT 00000002 INTL 20100528)
[    0.000000] ACPI: Reserving FACP table memory at [mem 0x3fff00f0-0x3fff01e3]
[    0.000000] ACPI: Reserving DSDT table memory at [mem 0x3fff0610-0x3fff2962]
[    0.000000] ACPI: Reserving FACS table memory at [mem 0x3fff0200-0x3fff023f]
[    0.000000] ACPI: Reserving FACS table memory at [mem 0x3fff0200-0x3fff023f]
[    0.000000] ACPI: Reserving APIC table memory at [mem 0x3fff0240-0x3fff029b]
[    0.000000] ACPI: Reserving SSDT table memory at [mem 0x3fff02a0-0x3fff060b]
[    0.000000] No NUMA configuration found
[    0.000000] Faking a node at [mem 0x0000000000000000-0x000000003ffeffff]
[    0.000000] NODE_DATA(0) allocated [mem 0x3ffc5000-0x3ffeffff]
[    0.000000] kvm-clock: cpu 0, msr 0:3ff44001, primary cpu clock
[    0.000000] kvm-clock: Using msrs 4b564d01 and 4b564d00
[    0.000000] kvm-clock: using sched offset of 4053233519 cycles
[    0.000000] clocksource: kvm-clock: mask: 0xffffffffffffffff max_cycles: 0x1cd42e4dffb, max_idle_ns: 881590591483 ns
[    0.000000] Zone ranges:
[    0.000000]   DMA      [mem 0x0000000000001000-0x0000000000ffffff]
[    0.000000]   DMA32    [mem 0x0000000001000000-0x000000003ffeffff]
[    0.000000]   Normal   empty
[    0.000000]   Device   empty
[    0.000000] Movable zone start for each node
[    0.000000] Early memory node ranges
[    0.000000]   node   0: [mem 0x0000000000001000-0x000000000009efff]
[    0.000000]   node   0: [mem 0x0000000000100000-0x000000003ffeffff]
[    0.000000] Reserved but unavailable: 104 pages
[    0.000000] Initmem setup node 0 [mem 0x0000000000001000-0x000000003ffeffff]
[    0.000000] ACPI: PM-Timer IO Port: 0x4008
[    0.000000] IOAPIC[0]: apic_id 2, version 32, address 0xfec00000, GSI 0-23
[    0.000000] ACPI: INT_SRC_OVR (bus 0 bus_irq 0 global_irq 2 dfl dfl)
[    0.000000] ACPI: INT_SRC_OVR (bus 0 bus_irq 9 global_irq 9 low level)
[    0.000000] Using ACPI (MADT) for SMP configuration information
[    0.000000] smpboot: Allowing 2 CPUs, 0 hotplug CPUs
[    0.000000] PM: Registered nosave memory: [mem 0x00000000-0x00000fff]
[    0.000000] PM: Registered nosave memory: [mem 0x0009f000-0x0009ffff]
[    0.000000] PM: Registered nosave memory: [mem 0x000a0000-0x000effff]
[    0.000000] PM: Registered nosave memory: [mem 0x000f0000-0x000fffff]
[    0.000000] e820: [mem 0x40000000-0xfebfffff] available for PCI devices
[    0.000000] Booting paravirtualized kernel on KVM
[    0.000000] clocksource: refined-jiffies: mask: 0xffffffff max_cycles: 0xffffffff, max_idle_ns: 7645519600211568 ns
[    0.000000] setup_percpu: NR_CPUS:8192 nr_cpumask_bits:2 nr_cpu_ids:2 nr_node_ids:1
[    0.000000] percpu: Embedded 50 pages/cpu s167936 r8192 d28672 u1048576
[    0.000000] PV qspinlock hash table entries: 256 (order: 0, 4096 bytes)
[    0.000000] Built 1 zonelists, mobility grouping on.  Total pages: 257913
[    0.000000] Policy zone: DMA32
[    0.000000] Kernel command line: BOOT_IMAGE=/boot/vmlinuz-4.15.0-206-generic root=LABEL=cloudimg-rootfs ro console=tty1 console=ttyS0
[    0.000000] Memory: 982640K/1048120K available (12300K kernel code, 2477K rwdata, 4324K rodata, 2480K init, 2720K bss, 65480K reserved, 0K cma-reserved)
[    0.000000] SLUB: HWalign=64, Order=0-3, MinObjects=0, CPUs=2, Nodes=1
[    0.000000] Kernel/User page tables isolation: enabled
[    0.000000] ftrace: allocating 39485 entries in 155 pages
[    0.004000] Hierarchical RCU implementation.
[    0.004000] 	RCU restricting CPUs from NR_CPUS=8192 to nr_cpu_ids=2.
[    0.004000] 	Tasks RCU enabled.
[    0.004000] RCU: Adjusting geometry for rcu_fanout_leaf=16, nr_cpu_ids=2
[    0.004000] NR_IRQS: 524544, nr_irqs: 440, preallocated irqs: 16
[    0.004000] random: crng init done
[    0.004000] Console: colour VGA+ 80x25
[    0.004000] console [tty1] enabled
[    0.004000] console [ttyS0] enabled
[    0.004000] ACPI: Core revision 20170831
[    0.004000] ACPI: 2 ACPI AML tables successfully acquired and loaded
[    0.004000] APIC: Switch to symmetric I/O mode setup
[    0.004000] ..TIMER: vector=0x30 apic1=0 pin1=2 apic2=-1 pin2=-1
[    0.004000] tsc: Detected 3407.998 MHz processor
[    0.004000] Calibrating delay loop (skipped) preset value.. 6815.99 BogoMIPS (lpj=13631992)
[    0.004000] pid_max: default: 32768 minimum: 301
[    0.004000] Security Framework initialized
[    0.004009] Yama: becoming mindful.
[    0.008170] AppArmor: AppArmor initialized
[    0.020936] Dentry cache hash table entries: 131072 (order: 8, 1048576 bytes)
[    0.028508] Inode-cache hash table entries: 65536 (order: 7, 524288 bytes)
[    0.032166] Mount-cache hash table entries: 2048 (order: 2, 16384 bytes)
[    0.036112] Mountpoint-cache hash table entries: 2048 (order: 2, 16384 bytes)
[    0.044200] Last level iTLB entries: 4KB 64, 2MB 8, 4MB 8
[    0.048006] Last level dTLB entries: 4KB 64, 2MB 0, 4MB 0, 1GB 4
[    0.052006] Spectre V1 : Mitigation: usercopy/swapgs barriers and __user pointer sanitization
[    0.056005] Spectre V2 : Mitigation: Retpolines
[    0.060008] Spectre V2 : Spectre v2 / SpectreRSB mitigation: Filling RSB on context switch
[    0.064006] Spectre V2 : Spectre v2 / SpectreRSB : Filling RSB on VMEXIT
[    0.068004] RETBleed: WARNING: Spectre v2 mitigation leaves CPU vulnerable to RETBleed attacks, data leaks possible!
[    0.072005] RETBleed: Vulnerable
[    0.076004] Speculative Store Bypass: Vulnerable
[    0.080091] MDS: Mitigation: Clear CPU buffers
[    0.084004] MMIO Stale Data: Mitigation: Clear CPU buffers
[    0.088005] SRBDS: Unknown: Dependent on hypervisor status
[    0.092185] Freeing SMP alternatives memory: 36K
[    0.209328] smpboot: CPU0: Intel(R) Core(TM) i7-6700 CPU @ 3.40GHz (family: 0x6, model: 0x5e, stepping: 0x3)
[    0.212538] Performance Events: unsupported p6 CPU model 94 no PMU driver, software events only.
[    0.216184] Hierarchical SRCU implementation.
[    0.221294] NMI watchdog: Perf event create on CPU 0 failed with -2
[    0.224007] NMI watchdog: Perf NMI watchdog permanently disabled
[    0.228624] smp: Bringing up secondary CPUs ...
[    0.237129] x86: Booting SMP configuration:
[    0.240008] .... node  #0, CPUs:      #1
[    0.004000] kvm-clock: cpu 1, msr 0:3ff44041, secondary cpu clock
[    0.256000] TSC synchronization [CPU#0 -> CPU#1]:
[    0.256000] Measured 68601 cycles TSC warp between CPUs, turning off TSC clock.
[    0.256000] tsc: Marking TSC unstable due to check_tsc_sync_source failed
[    0.260292] smp: Brought up 1 node, 2 CPUs
[    0.264008] smpboot: Max logical packages: 1
[    0.268009] smpboot: Total of 2 processors activated (13631.99 BogoMIPS)
[    0.276772] devtmpfs: initialized
[    0.280164] x86/mm: Memory block size: 128MB
[    0.284728] evm: security.selinux
[    0.288006] evm: security.SMACK64
[    0.292005] evm: security.SMACK64EXEC
[    0.296006] evm: security.SMACK64TRANSMUTE
[    0.300007] evm: security.SMACK64MMAP
[    0.304005] evm: security.apparmor
[    0.308005] evm: security.ima
[    0.312004] evm: security.capability
[    0.320529] clocksource: jiffies: mask: 0xffffffff max_cycles: 0xffffffff, max_idle_ns: 7645041785100000 ns
[    0.324015] futex hash table entries: 512 (order: 3, 32768 bytes)
[    0.328347] pinctrl core: initialized pinctrl subsystem
[    0.332814] RTC time: 18:10:20, date: 03/19/23
[    0.340781] NET: Registered protocol family 16
[    0.344169] audit: initializing netlink subsys (disabled)
[    0.348283] audit: type=2000 audit(1679249424.941:1): state=initialized audit_enabled=0 res=1
[    0.364010] cpuidle: using governor ladder
[    0.368016] cpuidle: using governor menu
[    0.372093] ACPI: bus type PCI registered
[    0.376006] acpiphp: ACPI Hot Plug PCI Controller Driver version: 0.5
[    0.380740] PCI: Using configuration type 1 for base access
[    0.392457] HugeTLB registered 2.00 MiB page size, pre-allocated 0 pages
[    0.400942] ACPI: Added _OSI(Module Device)
[    0.404019] ACPI: Added _OSI(Processor Device)
[    0.408009] ACPI: Added _OSI(3.0 _SCP Extensions)
[    0.412007] ACPI: Added _OSI(Processor Aggregator Device)
[    0.416008] ACPI: Added _OSI(Linux-Dell-Video)
[    0.420008] ACPI: Added _OSI(Linux-Lenovo-NV-HDMI-Audio)
[    0.424011] ACPI: Added _OSI(Linux-HPI-Hybrid-Graphics)
[    0.432205] ACPI: Executed 1 blocks of module-level executable AML code
[    0.442845] ACPI: Interpreter enabled
[    0.444032] ACPI: (supports S0 S5)
[    0.448009] ACPI: Using IOAPIC for interrupt routing
[    0.452672] PCI: Using host bridge windows from ACPI; if necessary, use "pci=nocrs" and report a bug
[    0.456358] ACPI: Enabled 2 GPEs in block 00 to 07
[    0.476805] ACPI: PCI Root Bridge [PCI0] (domain 0000 [bus 00-ff])
[    0.480021] acpi PNP0A03:00: _OSC: OS supports [ASPM ClockPM Segments MSI]
[    0.484938] acpi PNP0A03:00: _OSC: not requesting OS control; OS requires [ExtendedConfig ASPM ClockPM MSI]
[    0.488022] acpi PNP0A03:00: fail to add MMCONFIG information, can't access extended PCI configuration space under this bridge.
[    0.493244] PCI host bridge to bus 0000:00
[    0.496009] pci_bus 0000:00: root bus resource [io  0x0000-0x0cf7 window]
[    0.500008] pci_bus 0000:00: root bus resource [io  0x0d00-0xffff window]
[    0.504009] pci_bus 0000:00: root bus resource [mem 0x000a0000-0x000bffff window]
[    0.508012] pci_bus 0000:00: root bus resource [mem 0x40000000-0xfdffffff window]
[    0.516008] pci_bus 0000:00: root bus resource [bus 00-ff]
[    0.530801] pci 0000:00:01.1: legacy IDE quirk: reg 0x10: [io  0x01f0-0x01f7]
[    0.532008] pci 0000:00:01.1: legacy IDE quirk: reg 0x14: [io  0x03f6]
[    0.536009] pci 0000:00:01.1: legacy IDE quirk: reg 0x18: [io  0x0170-0x0177]
[    0.540010] pci 0000:00:01.1: legacy IDE quirk: reg 0x1c: [io  0x0376]
[    0.580169] pci 0000:00:07.0: quirk: [io  0x4000-0x403f] claimed by PIIX4 ACPI
[    0.584052] pci 0000:00:07.0: quirk: [io  0x4100-0x410f] claimed by PIIX4 SMB
[    0.602272] ACPI: PCI Interrupt Link [LNKA] (IRQs 5 9 10 *11)
[    0.604887] ACPI: PCI Interrupt Link [LNKB] (IRQs 5 9 *10 11)
[    0.608334] ACPI: PCI Interrupt Link [LNKC] (IRQs 5 *9 10 11)
[    0.612264] ACPI: PCI Interrupt Link [LNKD] (IRQs 5 9 10 *11)
[    0.620697] SCSI subsystem initialized
[    0.624337] pci 0000:00:02.0: vgaarb: setting as boot VGA device
[    0.628000] pci 0000:00:02.0: vgaarb: VGA device added: decodes=io+mem,owns=io+mem,locks=none
[    0.628022] pci 0000:00:02.0: vgaarb: bridge control possible
[    0.632008] vgaarb: loaded
[    0.636115] ACPI: bus type USB registered
[    0.640073] usbcore: registered new interface driver usbfs
[    0.644026] usbcore: registered new interface driver hub
[    0.648024] usbcore: registered new device driver usb
[    0.656142] EDAC MC: Ver: 3.0.0
[    0.661353] PCI: Using ACPI for IRQ routing
[    0.668336] NetLabel: Initializing
[    0.672006] NetLabel:  domain hash size = 128
[    0.676005] NetLabel:  protocols = UNLABELED CIPSOv4 CALIPSO
[    0.680024] NetLabel:  unlabeled traffic allowed by default
[    0.684280] clocksource: Switched to clocksource kvm-clock
[    0.707582] VFS: Disk quotas dquot_6.6.0
[    0.756748] VFS: Dquot-cache hash table entries: 512 (order 0, 4096 bytes)
[    0.760625] AppArmor: AppArmor Filesystem Enabled
[    0.760625] pnp: PnP ACPI init
[    0.760625] pnp: PnP ACPI: found 3 devices
[    0.836505] clocksource: acpi_pm: mask: 0xffffff max_cycles: 0xffffff, max_idle_ns: 2085701024 ns
[    0.840439] NET: Registered protocol family 2
[    0.840439] IP idents hash table entries: 16384 (order: 5, 131072 bytes)
[    0.862833] TCP established hash table entries: 8192 (order: 4, 65536 bytes)
[    0.873678] TCP bind hash table entries: 8192 (order: 5, 131072 bytes)
[    0.883334] TCP: Hash tables configured (established 8192 bind 8192)
[    0.886392] UDP hash table entries: 512 (order: 2, 16384 bytes)
[    0.886392] UDP-Lite hash table entries: 512 (order: 2, 16384 bytes)
[    0.886392] NET: Registered protocol family 1
[    0.886392] pci 0000:00:00.0: Limiting direct PCI/PCI transfers
[    0.886392] pci 0000:00:01.0: Activating ISA DMA hang workarounds
[    0.886392] pci 0000:00:02.0: Video device with shadowed ROM at [mem 0x000c0000-0x000dffff]
[    0.886392] Unpacking initramfs...
[    1.590411] Freeing initrd memory: 19532K
[    1.596106] clocksource: tsc: mask: 0xffffffffffffffff max_cycles: 0x311fd208cfc, max_idle_ns: 440795283699 ns
[    1.608173] platform rtc_cmos: registered platform RTC device (no PNP device found)
[    1.617005] Scanning for low memory corruption every 60 seconds
[    1.626609] Initialise system trusted keyrings
[    1.632354] Key type blacklist registered
[    1.637792] workingset: timestamp_bits=36 max_order=18 bucket_order=0
[    1.648041] zbud: loaded
[    1.653566] squashfs: version 4.0 (2009/01/31) Phillip Lougher
[    1.661675] fuse init (API version 7.26)
[    1.694763] Key type asymmetric registered
[    1.699747] Asymmetric key parser 'x509' registered
[    1.705492] Block layer SCSI generic (bsg) driver version 0.4 loaded (major 246)
[    1.715944] io scheduler noop registered
[    1.721203] io scheduler deadline registered
[    1.727675] io scheduler cfq registered (default)
[    1.734446] ACPI: AC Adapter [AC] (on-line)
[    1.741480] input: Power Button as /devices/LNXSYSTM:00/LNXPWRBN:00/input/input0
[    1.751001] ACPI: Power Button [PWRF]
[    1.756507] input: Sleep Button as /devices/LNXSYSTM:00/LNXSLPBN:00/input/input1
[    1.765452] ACPI: Sleep Button [SLPF]
[    1.771426] Serial: 8250/16550 driver, 32 ports, IRQ sharing enabled
[    1.808532] 00:02: ttyS0 at I/O 0x3f8 (irq = 4, base_baud = 115200) is a 16550A
[    1.841065] Linux agpgart interface v0.103
[    1.861839] loop: module loaded
[    1.869944] scsi host0: ata_piix
[    1.875889] scsi host1: ata_piix
[    1.879851] ata1: PATA max UDMA/33 cmd 0x1f0 ctl 0x3f6 bmdma 0xd000 irq 14
[    1.883643] ata2: PATA max UDMA/33 cmd 0x170 ctl 0x376 bmdma 0xd008 irq 15
[    1.896818] tun: Universal TUN/TAP device driver, 1.6
[    1.905297] PPP generic driver version 2.4.2
[    1.911347] ehci_hcd: USB 2.0 'Enhanced' Host Controller (EHCI) Driver
[    1.919839] ehci-pci: EHCI PCI platform driver
[    1.925992] ehci-platform: EHCI generic platform driver
[    1.932803] ohci_hcd: USB 1.1 'Open' Host Controller (OHCI) Driver
[    1.941394] ohci-pci: OHCI PCI platform driver
[    1.948650] ohci-platform: OHCI generic platform driver
[    1.956694] uhci_hcd: USB Universal Host Controller Interface driver
[    1.964804] i8042: PNP: PS/2 Controller [PNP0303:PS2K,PNP0f03:PS2M] at 0x60,0x64 irq 1,12
[    1.978196] serio: i8042 KBD port at 0x60,0x64 irq 1
[    1.985221] serio: i8042 AUX port at 0x60,0x64 irq 12
[    1.993306] mousedev: PS/2 mouse device common for all mice
[    2.005119] rtc_cmos rtc_cmos: rtc core: registered rtc_cmos as rtc0
[    2.012854] input: AT Translated Set 2 keyboard as /devices/platform/i8042/serio0/input/input2
[    2.023872] rtc_cmos rtc_cmos: alarms up to one day, 114 bytes nvram
[    2.031890] i2c /dev entries driver
[    2.037390] device-mapper: uevent: version 1.0.3
[    2.043637] device-mapper: ioctl: 4.37.0-ioctl (2017-09-20) initialised: dm-devel@redhat.com
[    2.054746] ledtrig-cpu: registered to indicate activity on CPUs
[    2.101093] NET: Registered protocol family 10
[    2.144299] Segment Routing with IPv6
[    2.149602] NET: Registered protocol family 17
[    2.155958] Key type dns_resolver registered
[    2.163052] mce: Using 0 MCE banks
[    2.167350] RAS: Correctable Errors collector initialized.
[    2.173358] sched_clock: Marking stable (2173242779, 0)->(3355059981, -1181817202)
[    2.187584] registered taskstats version 1
[    2.193039] Loading compiled-in X.509 certificates
[    2.205085] Loaded X.509 cert 'Build time autogenerated kernel key: 4d405f87ce750406625b929cd2e51cc76ab5bcf4'
[    2.219961] Loaded X.509 cert 'Canonical Ltd. Live Patch Signing: 14df34d1a87cf37625abec039ef2bf521249b969'
[    2.232619] Loaded X.509 cert 'Canonical Ltd. Kernel Module Signing: 88f752e560a1e0737e31163a466ad7b70a850c19'
[    2.244665] blacklist: Loading compiled-in revocation X.509 certificates
[    2.254612] Loaded X.509 cert 'Canonical Ltd. Secure Boot Signing: 61482aa2830d0ab2ad5af10b7250da9033ddcef0'
[    2.266818] Loaded X.509 cert 'Canonical Ltd. Secure Boot Signing (2017): 242ade75ac4a15e50d50c84b0d45ff3eae707a03'
[    2.280296] Loaded X.509 cert 'Canonical Ltd. Secure Boot Signing (ESM 2018): 365188c1d374d6b07c3c8f240f8ef722433d6a8b'
[    2.292934] Loaded X.509 cert 'Canonical Ltd. Secure Boot Signing (2019): c0746fd6c5da3ae827864651ad66ae47fe24b3e8'
[    2.304127] Loaded X.509 cert 'Canonical Ltd. Secure Boot Signing (2021 v1): a8d54bbb3825cfb94fa13c9f8a594a195c107b8d'
[    2.316872] Loaded X.509 cert 'Canonical Ltd. Secure Boot Signing (2021 v2): 4cf046892d6fd3c9a5b03f98d845f90851dc6a8c'
[    2.328788] Loaded X.509 cert 'Canonical Ltd. Secure Boot Signing (2021 v3): 100437bb6de6e469b581e61cd66bce3ef4ed53af'
[    2.343513] Loaded X.509 cert 'Canonical Ltd. Secure Boot Signing (Ubuntu Core 2019): c1d57b8f6b743f23ee41f4f7ee292f06eecadfb9'
[    2.357026] zswap: loaded using pool lzo/zbud
[    2.375617] Key type big_key registered
[    2.381647] Key type trusted registered
[    2.392390] Key type encrypted registered
[    2.397698] AppArmor: AppArmor sha1 policy hashing enabled
[    2.404998] ima: No TPM chip found, activating TPM-bypass! (rc=-19)
[    2.413287] ima: Allocated hash algorithm: sha1
[    2.420058] evm: HMAC attrs: 0x1
[    2.425503]   Magic number: 15:933:190
[    2.431173] rtc_cmos rtc_cmos: setting system clock to 2023-03-19 18:10:22 UTC (1679249422)
[    2.444172] BIOS EDD facility v0.16 2004-Jun-25, 0 devices found
[    2.451418] EDD information not available.
[    2.462480] Freeing unused kernel image memory: 2480K
[    2.491807] Write protecting the kernel read-only data: 20480k
[    2.500317] Freeing unused kernel image memory: 2008K
[    2.508271] Freeing unused kernel image memory: 1820K
[    2.520660] x86/mm: Checked W+X mappings: passed, no W+X pages found.
[    2.529144] x86/mm: Checking user space page tables
[    2.542855] x86/mm: Checked W+X mappings: passed, no W+X pages found.
Loading, please wait...
starting version 237
[    2.723140] e1000: Intel(R) PRO/1000 Network Driver - version 7.3.21-k8-NAPI
[    2.732068] e1000: Copyright (c) 1999-2006 Intel Corporation.
[    2.747724] Fusion MPT base driver 3.04.20
[    2.753479] Copyright (c) 1999-2008 LSI Corporation
[    2.824774] Fusion MPT SPI Host driver 3.04.20
[    2.833688] SSE version of gcm_enc/dec engaged.
[    3.047484] input: ImExPS/2 Generic Explorer Mouse as /devices/platform/i8042/serio1/input/input4
[    3.661572] e1000 0000:00:03.0 eth0: (PCI:33MHz:32-bit) 02:25:fb:19:d5:f3
[    3.671648] e1000 0000:00:03.0 eth0: Intel(R) PRO/1000 Network Connection
[    4.450166] e1000 0000:00:08.0 eth1: (PCI:33MHz:32-bit) 08:00:27:6a:13:3d
[    4.462324] e1000 0000:00:08.0 eth1: Intel(R) PRO/1000 Network Connection
[    4.475967] e1000 0000:00:08.0 enp0s8: renamed from eth1
[    4.485005] mptbase: ioc0: Initiating bringup
[    4.490879] e1000 0000:00:03.0 enp0s3: renamed from eth0
[    4.674724] ioc0: LSI53C1030 A0: Capabilities={Initiator}
[    5.663530] scsi host2: ioc0: LSI53C1030 A0, FwRev=00000000h, Ports=1, MaxQ=256, IRQ=20
[    5.945638] scsi 2:0:0:0: Direct-Access     VBOX     HARDDISK         1.0  PQ: 0 ANSI: 5
[    5.986296] scsi target2:0:0: Beginning Domain Validation
[    6.001963] scsi target2:0:0: Domain Validation skipping write tests
[    6.009338] scsi target2:0:0: Ending Domain Validation
[    6.017310] scsi target2:0:0: asynchronous
[    6.025194] scsi 2:0:1:0: Direct-Access     VBOX     HARDDISK         1.0  PQ: 0 ANSI: 5
[    7.560318] scsi target2:0:1: Beginning Domain Validation
[    7.573425] scsi target2:0:1: Domain Validation skipping write tests
[    7.583342] scsi target2:0:1: Ending Domain Validation
[    7.591100] scsi target2:0:1: asynchronous
[    7.612406] sd 2:0:0:0: [sda] 83886080 512-byte logical blocks: (42.9 GB/40.0 GiB)
[    7.623345] sd 2:0:0:0: [sda] Write Protect is off
[    7.630175] sd 2:0:0:0: Attached scsi generic sg0 type 0
[    7.638274] sd 2:0:0:0: [sda] Incomplete mode parameter data
[    7.646924] sd 2:0:0:0: [sda] Assuming drive cache: write through
[    7.657658] sd 2:0:1:0: Attached scsi generic sg1 type 0
[    7.658042] sd 2:0:1:0: [sdb] 20480 512-byte logical blocks: (10.5 MB/10.0 MiB)
[    7.677743] sd 2:0:1:0: [sdb] Write Protect is off
[    7.688557] sd 2:0:1:0: [sdb] Incomplete mode parameter data
[    7.697675] sd 2:0:1:0: [sdb] Assuming drive cache: write through
[    7.705925]  sda: sda1
[    7.714789] sd 2:0:0:0: [sda] Attached SCSI disk
[    7.718474] sd 2:0:1:0: [sdb] Attached SCSI disk
Begin: Loading essential drivers ... [   10.307665] raid6: sse2x1   gen() 50771 MB/s
[   11.308269] raid6: sse2x1   xor() 84372 MB/s
[   12.308728] raid6: sse2x2   gen() 144109 MB/s
[   13.308690] raid6: sse2x2   xor() 95679 MB/s
[   13.805866] raid6: sse2x4   gen() 135933 MB/s
[   14.306641] raid6: sse2x4   xor() 93967 MB/s
[   14.315923] raid6: using algorithm sse2x2 gen() 144109 MB/s
[   14.326378] raid6: .... xor() 95679 MB/s, rmw enabled
[   14.337406] raid6: using ssse3x2 recovery algorithm
[   14.354532] xor: measuring software checksum speed
[   14.400219]    prefetch64-sse: 14710.000 MB/sec
[   14.444089]    generic_sse: 16712.000 MB/sec
[   14.449993] xor: using function: generic_sse (16712.000 MB/sec)
[   14.463325] async_tx: api initialized (async)
done.
Begin: Running /scripts/init-premount ... done.
Begin: Mounting root file system ... Begin: Running /scripts/local-top ... done.
Begin: Running /scripts/local-premount ... [   14.611117] Btrfs loaded, crc32c=crc32c-intel
Scanning for Btrfs filesystems
done.
Warning: fsck not present, so skipping root file system
[   14.678000] EXT4-fs (sda1): mounted filesystem with ordered data mode. Opts: (null)
done.
Begin: Running /scripts/local-bottom ... done.
Begin: Running /scripts/init-bottom ... done.
[   15.005997] ip_tables: (C) 2000-2006 Netfilter Core Team
[   15.035668] systemd[1]: systemd 237 running in system mode. (+PAM +AUDIT +SELINUX +IMA +APPARMOR +SMACK +SYSVINIT +UTMP +LIBCRYPTSETUP +GCRYPT +GNUTLS +ACL +XZ +LZ4 +SECCOMP +BLKID +ELFUTILS +KMOD -IDN2 +IDN -PCRE2 default-hierarchy=hybrid)
[   15.059105] systemd[1]: Detected virtualization oracle.
[   15.065998] systemd[1]: Detected architecture x86-64.

Welcome to [1mUbuntu 18.04.6 LTS[0m!

[   15.106485] systemd[1]: Set hostname to <ubuntu>.
[   15.120050] systemd[1]: Initializing machine ID from random generator.
[   15.128138] systemd[1]: Installed transient /etc/machine-id file.
[   15.550094] systemd[1]: Reached target Mounting snaps.
[[0;32m  OK  [0m] Reached target Mounting snaps.
[   15.560159] systemd[1]: Reached target User and Group Name Lookups.
[[0;32m  OK  [0m] Reached target User and Group Name Lookups.
[   15.582130] systemd[1]: Created slice User and Session Slice.
[[0;32m  OK  [0m] Created slice User and Session Slice.
[   15.591954] systemd[1]: Reached target Mounted snaps.
[[0;32m  OK  [0m] Reached target Mounted snaps.
[[0;32m  OK  [0m] Set up automount Arbitrary Executabâ€¦rmats File System Automount Point.
[[0;32m  OK  [0m] Created slice System Slice.
[[0;32m  OK  [0m] Listening on Syslog Socket.
[[0;32m  OK  [0m] Listening on udev Kernel Socket.
[[0;32m  OK  [0m] Listening on LVM2 metadata daemon socket.
[[0;32m  OK  [0m] Listening on /dev/initctl Compatibility Named Pipe.
[[0;32m  OK  [0m] Created slice system-serial\x2dgetty.slice.
[[0;32m  OK  [0m] Reached target Slices.
[[0;32m  OK  [0m] Started Forward Password Requests to Wall Directory Watch.
[[0;32m  OK  [0m] Listening on udev Control Socket.
[[0;32m  OK  [0m] Listening on Journal Audit Socket.
[[0;32m  OK  [0m] Listening on Journal Socket (/dev/log).
[[0;32m  OK  [0m] Reached target System Time Synchronized.
[[0;32m  OK  [0m] Reached target Swap.
[[0;32m  OK  [0m] Listening on fsck to fsckd communication Socket.
[[0;32m  OK  [0m] Listening on Device-mapper event daemon FIFOs.
[[0;32m  OK  [0m] Listening on Network Service Netlink Socket.
[[0;32m  OK  [0m] Listening on Journal Socket.
         Starting Load Kernel Modules...
         Starting Journal Service...
         Mounting Huge Pages File System...
         Starting Monitoring of LVM2 mirrorsâ€¦ng dmeventd or progress polling...
         [   15.706169] Loading iSCSI transport class v2.0-870.
Starting Set the console keyboard layout...
         Starting Uncomplicated firewall...
         Mounting Kernel Debug File System...
         Starting File System Check on Root Device...
         Starting Create list of required stâ€¦ce nodes for the current kernel...
         Starting udev Coldplug all Devices...
         Mounting POSIX Message Queue File System...
[   15.792480] iscsi: registered transport (tcp)
[[0;32m  OK  [0m] Listening on LVM2 poll daemon socket.
[[0;32m  OK  [0m] Started Journal Service.
[[0;32m  OK  [0m] Mounted Huge Pages File System.
[[0;32m  OK  [0m] Started Uncomplicated firewall.
[[0;32m  OK  [0m] Mounted Kernel Debug File System.
[[0;32m  OK  [0m] Started Create list of required staâ€¦vice nodes for the current kernel.
[[0;32m  OK  [0m] Mounted POSIX Message Queue File System.
[[0;32m  OK  [0m] Started LVM2 metadata daemon.
[[0;32m  OK  [0m] Started File System Check Daemon to report status.
         Starting Create Static Device Nodes in /dev...
[[0;32m  OK  [0m] Started Create Static Device Nodes in /dev.
[[0;32m  OK  [0m] Started udev Coldplug all Devices.
[[0;32m  OK  [0m] Started File System Check on Root Device.
         Starting Remount Root and Kernel File Systems...
[[0;32m  OK  [0m] Started Monitoring of LVM2 mirrors,â€¦sing dmeventd or progress polling.
[   16.047851] iscsi: registered transport (iser)
[   16.054875] EXT4-fs (sda1): re-mounted. Opts: (null)
[[0;32m  OK  [0m] Started Remount Root and Kernel File Systems.
         Starting udev Kernel Device Manager...
         Starting Flush Journal to Persistent Storage...
         Starting Load/Save Random Seed...
[[0;32m  OK  [0m] Started Load Kernel Modules.
         Mounting Kernel Configuration File System...
         Starting Apply Kernel Variables...
         Mounting FUSE Control File System...
[[0;32m  OK  [0m] Started Load/Save Random Seed.
[[0;32m  OK  [0m] Mounted Kernel Configuration File System.
[[0;32m  OK  [0m] Mounted FUSE Control File System.
[   16.149823] systemd-journald[411]: Received request to flush runtime journal from PID 1
[[0;32m  OK  [0m] Started udev Kernel Device Manager.
[[0;32m  OK  [0m] Started Apply Kernel Variables.
[[0;32m  OK  [0m] Started Flush Journal to Persistent Storage.
[[0;32m  OK  [0m] Found device /dev/ttyS0.
[[0;32m  OK  [0m] Listening on Load/Save RF Kill Switch Status /dev/rfkill Watch.
[[0;32m  OK  [0m] Started Set the console keyboard layout.
[[0;32m  OK  [0m] Reached target Local File Systems (Pre).
[[0;32m  OK  [0m] Reached target Local File Systems.
         Starting ebtables ruleset management...
         Starting Tell Plymouth To Write Out Runtime Data...
         Starting Set console font and keymap...
         Starting AppArmor initialization...
         Starting Create Volatile Files and Directories...
         Starting Commit a transient machine-id on disk...
[[0;32m  OK  [0m] Started Dispatch Password Requests to Console Directory Watch.
[[0;32m  OK  [0m] Reached target Local Encrypted Volumes.
[[0;32m  OK  [0m] Started Tell Plymouth To Write Out Runtime Data.
[[0;32m  OK  [0m] Started Create Volatile Files and Directories.
         Starting Update UTMP about System Boot/Shutdown...
[[0;32m  OK  [0m] Started Update UTMP about System Boot/Shutdown.
[[0;32m  OK  [0m] Started Commit a transient machine-id on disk.
[[0;32m  OK  [0m] Started ebtables ruleset management.
         Mounting Arbitrary Executable File Formats File System...
[[0;32m  OK  [0m] Mounted Arbitrary Executable File Formats File System.
[[0;32m  OK  [0m] Started AppArmor initialization.
         Starting Load AppArmor profiles managed internally by snapd...
         Starting Initial cloud-init job (pre-networking)...
[[0;32m  OK  [0m] Started Load AppArmor profiles managed internally by snapd.
[[0;32m  OK  [0m] Started Set console font and keymap.
[   20.862801] cloud-init[769]: Cloud-init v. 22.4.2-0ubuntu0~18.04.1 running 'init-local' at Sun, 19 Mar 2023 18:10:40 +0000. Up 20.39 seconds.
[[0;32m  OK  [0m] Started Initial cloud-init job (pre-networking).
[[0;32m  OK  [0m] Reached target Network (Pre).
         Starting Network Service...
[[0;32m  OK  [0m] Started Network Service.
         Starting Network Name Resolution...
         Starting Wait for Network to be Configured...
[[0;32m  OK  [0m] Started Network Name Resolution.
[[0;32m  OK  [0m] Reached target Host and Network Name Lookups.
[[0;32m  OK  [0m] Reached target Network.
[[0;32m  OK  [0m] Started Wait for Network to be Configured.
         Starting Initial cloud-init job (metadata service crawler)...
[   23.589042] cloud-init[928]: Cloud-init v. 22.4.2-0ubuntu0~18.04.1 running 'init' at Sun, 19 Mar 2023 18:10:43 +0000. Up 23.42 seconds.
[   23.596593] cloud-init[928]: ci-info: ++++++++++++++++++++++++++++++++++++++Net device info+++++++++++++++++++++++++++++++++++++++
[   23.602700] cloud-init[928]: ci-info: +--------+-------+----------------------------+---------------+--------+-------------------+
[   23.608503] cloud-init[928]: ci-info: | Device |   Up  |          Address           |      Mask     | Scope  |     Hw-Address    |
[   23.613959] cloud-init[928]: ci-info: +--------+-------+----------------------------+---------------+--------+-------------------+
[   23.619944] cloud-init[928]: ci-info: | enp0s3 |  True |         10.0.2.15          | 255.255.255.0 | global | 02:25:fb:19:d5:f3 |
[   23.626108] cloud-init[928]: ci-info: | enp0s3 |  True | fe80::25:fbff:fe19:d5f3/64 |       .       |  link  | 02:25:fb:19:d5:f3 |
[   23.632541] cloud-init[928]: ci-info: | enp0s8 | False |             .              |       .       |   .    | 08:00:27:6a:13:3d |
[   23.638048] cloud-init[928]: ci-info: |   lo   |  True |         127.0.0.1          |   255.0.0.0   |  host  |         .         |
[   23.644256] cloud-init[928]: ci-info: |   lo   |  True |          ::1/128           |       .       |  host  |         .         |
[   23.649684] cloud-init[928]: ci-info: +--------+-------+----------------------------+---------------+--------+-------------------+
[   23.654905] cloud-init[928]: ci-info: ++++++++++++++++++++++++++++Route IPv4 info+++++++++++++++++++++++++++++
[   23.659261] cloud-init[928]: ci-info: +-------+-------------+----------+-----------------+-----------+-------+
[   23.664481] cloud-init[928]: ci-info: | Route | Destination | Gateway  |     Genmask     | Interface | Flags |
[   23.668748] cloud-init[928]: ci-info: +-------+-------------+----------+-----------------+-----------+-------+
[   23.673325] cloud-init[928]: ci-info: |   0   |   0.0.0.0   | 10.0.2.2 |     0.0.0.0     |   enp0s3  |   UG  |
[   23.677879] cloud-init[928]: ci-info: |   1   |   10.0.2.0  | 0.0.0.0  |  255.255.255.0  |   enp0s3  |   U   |
[   23.682181] cloud-init[928]: ci-info: |   2   |   10.0.2.2  | 0.0.0.0  | 255.255.255.255 |   enp0s3  |   UH  |
[   23.687217] cloud-init[928]: ci-info: +-------+-------------+----------+-----------------+-----------+-------+
[   23.693035] cloud-init[928]: ci-info: +++++++++++++++++++Route IPv6 info+++++++++++++++++++
[   23.697183] cloud-init[928]: ci-info: +-------+-------------+---------+-----------+-------+
[   23.700824] cloud-init[928]: ci-info: | Route | Destination | Gateway | Interface | Flags |
[   23.704734] cloud-init[928]: ci-info: +-------+-------------+---------+-----------+-------+
[   23.709792] cloud-init[928]: ci-info: |   1   |  fe80::/64  |    ::   |   enp0s3  |   U   |
[   23.713644] cloud-init[928]: ci-info: |   3   |    local    |    ::   |   enp0s3  |   U   |
[   23.718003] cloud-init[928]: ci-info: |   4   |   ff00::/8  |    ::   |   enp0s3  |   U   |
[   23.722027] cloud-init[928]: ci-info: +-------+-------------+---------+-----------+-------+
[   24.891845] cloud-init[928]: Generating public/private rsa key pair.
[   24.898389] cloud-init[928]: Your identification has been saved in /etc/ssh/ssh_host_rsa_key.
[   24.906272] cloud-init[928]: Your public key has been saved in /etc/ssh/ssh_host_rsa_key.pub.
[   24.914462] cloud-init[928]: The key fingerprint is:
[   24.919947] cloud-init[928]: SHA256:8S3OOO/j/oq0jJw/4iLsAu4GJL7Ng2Qovi5Uc5g2Plo root@ubuntu-bionic
[   24.927367] cloud-init[928]: The key's randomart image is:
[   24.934326] cloud-init[928]: +---[RSA 2048]----+
[   24.940738] cloud-init[928]: |                 |
[   24.945863] cloud-init[928]: |                 |
[   24.951330] cloud-init[928]: |    o   .        |
[   24.957033] cloud-init[928]: |.. B .   o .     |
[   24.962283] [[0;32m  OK  [0m] Started Initial cloud-init job (metadata service crawler).
[[0;32m  OK  [0m] Reached target Cloud-config availability.
[[0;32m  OK  [0m] Reached target System Initialization.
[[0;32m  OK  [0m] Listening on D-Bus System Message Bus Socket.
[[0;32m  OK  [0m] Listening on Open-iSCSI iscsid Socket.
[[0;32m  OK  [0m] Started Daily Cleanup of Temporary Directories.
         Starting Socket activation for snappy daemon.
[[0;32m  OK  [0m] Started ACPI Events Check.
[[0;32m  OK  [0m] Reached target Paths.
[[0;32m  OK  [0m] Started Discard unused blocks once a week.
[[0;32m  OK  [0m] Started Ubuntu Advantage Timer for running repeated jobs.
         Starting LXD - unix socket.
[[0;32m  OK  [0m] Started Message of the Day.
[[0;32m  OK  [0m] Listening on UUID daemon activation socket.
[[0;32m  OK  [0m] Listening on cloud-init hotplug hook socket.
[[0;32m  OK  [0m] Started Daily apt download activities.
[[0;32m  OK  [0m] Started Daily apt upgrade and clean activities.
[[0;32m  OK  [0m] Reached target Timers.
[[0;32m  OK  [0m] Listening on ACPID Listen Socket.
[[0;32m  OK  [0m] Reached target Network is Online.
[[0;32m  OK  [0m] Reached target Remote File Systems (Pre).
[[0;32m  OK  [0m] Reached target Remote File Systems.
         Starting Availability of block devices...
[[0;32m  OK  [0m] Listening on Socket activation for snappy daemon.
[[0;32m  OK  [0m] Listening on LXD - unix socket.
[[0;32m  OK  [0m] Reached target Sockets.
[[0;32m  OK  [0m] Reached target Basic System.
         Starting LSB: Record successful boot for GRUB...
         Starting Virtualbox guest utils...
         Starting Pollinate to seed the pseudo random number generator...
         Starting Permit User Sessions...
cloud-init         Starting Login Service...
[928]: |= + +   S o .    |[[0;32m  OK  [0m] Started D-Bus System Message Bus.

[   25.066482] cloud-init[928]: |== E     + .     |
[   25.084978] cloud-init[928]: |X.B .   + o      |
[   25.092269] cloud-init[928]: |oBo+...=.=.      |
[   25.097846] cloud-init[928]: |=*o..o=o==*+.    |
         Starting System Logging Service...
[[0;32m  OK  [0m] Started FUSE filesystem for LXC.
         Starting LSB: automatic crash report generation...
[[0;32m  OK  [0m] Reached target Login Prompts (Pre).
         Starting Accounts Service...
[   25.123171] cloud-init[928]: +----[SHA256]-----+
[   25.133592] cloud-init[[0;32m  OK  [0m] Started irqbalance daemon.
[[0;32m  OK  [0m] Started Regular background program processing daemon.
         Starting Dispatcher daemon for systemd-networkd...
[928]: [[0;32m  OK  [0m] Started Deferred execution scheduler.
Generating public/private dsa key pair.         Starting Snap Daemon...
         Starting LXD - container startup/shutdown...

[   25.157645] cloud-init[928]: Your identification has been saved in /etc/ssh/ssh_host_dsa_key.[[0;32m  OK  [0m] Started Availability of block devices.
[[0;32m  OK  [0m] Started Permit User Sessions.

[   25.170300] cloud-init[928]: Your public key has been saved in /etc/ssh/ssh_host_dsa_key.pub.
[   25.179976] [[0;32m  OK  [0m] Started Login Service.
cloud-init[928]: [[0;32m  OK  [0m] Started Unattended Upgrades Shutdown.
The key fingerprint is:
[   25.198549]          Starting Hold until boot process finishes up...
         Starting Terminate Plymouth Boot Screen...
cloud-init[928]: SHA256:2I0YCwrnjyQDgiq5vZi/2WLozAjlwUg1i+t3f/MI0KI root@ubuntu-bionic
[   25.213611] cloud-init[[0;32m  OK  [0m] Started Hold until boot process finishes up.
[[0;32m  OK  [0m] Started Serial Getty on ttyS0.
         Starting Set console scheme...
[[0;32m  OK  [0m] Started Terminate Plymouth Boot Screen.
[928]: The key's randomart image is:
[   25.237208] cloud-init[928]: +---[DSA 1024]----+
[   25.243615] cloud-init[928]: |   o             |
[   25.249238] cloud-init[928]: |. o o            |
[   25.255345] cloud-init[928]: |=o... .          |
[   25.261748] cloud-init[928]: |=B.. ..* o       |
[   25.267227] cloud-init[928]: |B.B  o+.S .      |
[   25.273369] cloud-init[928]: |oO +. o          |
[   25.278631] cloud-init[928]: |oo+E.. .         |
[   25.286970] cloud-init[928]: |*o++. . .o.      |
[   25.297532] cloud-init[928]: |=*=o.  ...o.     |
[   25.309670] cloud-init[928]: +----[SHA256]-----+
[   25.323193] cloud-init[928]: Generating public/private ecdsa key pair.
[   25.329913] cloud-init[928]: Your identification has been saved in /etc/ssh/ssh_host_ecdsa_key.
[   25.337463] cloud-init[928]: Your public key has been saved in /etc/ssh/ssh_host_ecdsa_key.pub.
[   25.346001] cloud-init[928]: The key fingerprint is:
[   25.351059] cloud-init[928]: SHA256:zOuKY2mweORP4hIXmE6V+PGJn5frECc4Rx268ZnyoeI root@ubuntu-bionic
[   25.358674] cloud-init[928]: The key's randomart image is:
[   25.364648] cloud-init[928]: +---[ECDSA 256]---+
[   25.370659] cloud-init[928]: |  . .  .         |
[   25.376887] cloud-init[928]: | . +  o .        |
[   25.382817] cloud-init[928]: | oo ++..         |
[   25.388507] cloud-init[928]: |o..ooo+oo        |
[   25.394027] cloud-init[928]: |o  +.*.*S        |
[   25.400546] cloud-init[928]: |..+ ooBo..       |
[   25.407099] cloud-init[928]: | *.+.+..o        |
[   25.413301] cloud-init[928]: |o.=o*..o         |
[   25.420029] [[0;32m  OK  [0m] Started Set console scheme.
[[0;32m  OK  [0m] Created slice system-getty.slice.
[[0;32m  OK  [0m] Started Getty on tty1.
[[0;32m  OK  [0m] Reached target Login Prompts.
cloud-init[928]: | o.Eo.oo.        |
[   25.446787] cloud-init[928]: +----[SHA256]-----+
[   25.479665] cloud-init[928]: Generating public/private ed25519 key pair.
[   25.493892] cloud-init[928]: Your identification has been saved in /etc/ssh/ssh_host_ed25519_key.
[   25.592353] cloud-init[[0;32m  OK  [0m] Started LSB: Record successful boot for GRUB.
[[0;32m  OK  [0m] Started LSB: automatic crash report generation.
[928]: Your public key has been saved in /etc/ssh/ssh_host_ed25519_key.pub.
[[0;32m  OK  [0m] Started System Logging Service.
[   25.629562] cloud-init[928]: The key fingerprint is:
[   25.643585] cloud-init[928]: SHA256:TGd6VG6ITW0wVy0pDpuQP4K+EyTEioj8FidxeN/8QjU root@ubuntu-bionic
[   25.665064] cloud-init[928]: The key's randomart image is:
[   25.680507] cloud-init[928]: +--[ED25519 256]--+
[   25.683001] cloud-init[928]: |   ..    .+oo..o |
[   25.686108] cloud-init[928]: |   ooo  o+.E+ o .|
[   25.688678] cloud-init[928]: |+. o+ ..=oB*+. . |
[   25.691330] cloud-init[928]: |+..o..o+.O=..    |
[   25.694501] cloud-init[928]: |  . ++  S.o.     |
[   25.698971] cloud-init[928]: |   o  o  o .     |
[   25.703843] cloud-init[928]: |  .    o  .      |
[   25.708165] cloud-init[928]: |      o          |
[   25.713895] cloud-init[928]: |       .         |
[   25.716661] cloud-init[928]: +----[SHA256]-----+
         Starting Authorization Manager...
[[0;32m  OK  [0m] Started Virtualbox guest utils.
[[0;32m  OK  [0m] Started Authorization Manager.
[[0;32m  OK  [0m] Started Accounts Service.
[[0;32m  OK  [0m] Started LXD - container startup/shutdown.
[[0;32m  OK  [0m] Started Dispatcher daemon for systemd-networkd.
[[0;32m  OK  [0m] Started Pollinate to seed the pseudo random number generator.
         Starting OpenBSD Secure Shell server...
[[0;32m  OK  [0m] Started Snap Daemon.
         Starting Wait until snapd is fully seeded...
[[0;32m  OK  [0m] Started OpenBSD Secure Shell server.
[[0;32m  OK  [0m] Created slice User Slice of vagrant.
         Starting User Manager for UID 1000...
[[0;32m  OK  [0m] Started Session 1 of user vagrant.
         Starting Time & Date Service...
[[0;32m  OK  [0m] Started User Manager for UID 1000.
[[0;32m  OK  [0m] Started Time & Date Service.

Ubuntu 18.04.6 LTS ubuntu-bionic ttyS0

ubuntu-bionic login: [   31.661295] cloud-init[1474]: Cloud-init v. 22.4.2-0ubuntu0~18.04.1 running 'modules:config' at Sun, 19 Mar 2023 18:10:51 +0000. Up 31.16 seconds.
ci-info: no authorized SSH keys fingerprints found for user ubuntu.
<14>Mar 19 18:10:52 cloud-init: #############################################################
<14>Mar 19 18:10:52 cloud-init: -----BEGIN SSH HOST KEY FINGERPRINTS-----
<14>Mar 19 18:10:52 cloud-init: 1024 SHA256:2I0YCwrnjyQDgiq5vZi/2WLozAjlwUg1i+t3f/MI0KI root@ubuntu-bionic (DSA)
<14>Mar 19 18:10:52 cloud-init: 256 SHA256:zOuKY2mweORP4hIXmE6V+PGJn5frECc4Rx268ZnyoeI root@ubuntu-bionic (ECDSA)
<14>Mar 19 18:10:52 cloud-init: 256 SHA256:TGd6VG6ITW0wVy0pDpuQP4K+EyTEioj8FidxeN/8QjU root@ubuntu-bionic (ED25519)
<14>Mar 19 18:10:52 cloud-init: 2048 SHA256:8S3OOO/j/oq0jJw/4iLsAu4GJL7Ng2Qovi5Uc5g2Plo root@ubuntu-bionic (RSA)
<14>Mar 19 18:10:52 cloud-init: -----END SSH HOST KEY FINGERPRINTS-----
<14>Mar 19 18:10:52 cloud-init: #############################################################
-----BEGIN SSH HOST KEY KEYS-----
ecdsa-sha2-nistp256 AAAAE2VjZHNhLXNoYTItbmlzdHAyNTYAAAAIbmlzdHAyNTYAAABBBKNNSLhDgDBwNIilb81jZISKCxKLAq3LExHvMeUlrooOfn3g4dTUpQsiNQlKQcxOqK33vusvxYn+xZv3ud+/Uyo= root@ubuntu-bionic
ssh-ed25519 AAAAC3NzaC1lZDI1NTE5AAAAIJRf22KMrq2YOzG3/Pl6IaxfwExiZ6VN6Dgni0muv7TW root@ubuntu-bionic
ssh-rsa AAAAB3NzaC1yc2EAAAADAQABAAABAQC9AbYDKZoEuxRGqK+R8f/nTfewHbJH+wAcP0UOW20fuvNFWSGrJC5EK/fFUHyDh8mBPJ3EiQZ4kT683S7sHtoJj1jhYFj8z+dk8CLDIK1+rt/iQZBSx2AopNQcUXDk8Kfmiz0TJuGBJc4k3ZDKjzjbjvQ8rT2Ott0VQDaVvSFdec7ExmGZE6NBbAeerkPXcj+1R7Hpyff8pJLQ7PDoZ77JpdEE2z36qUT9dU4DUcYCfW3okn3Wxp3acoC+xiMmcG7lHC25evb/18PZ35bxvRux4ZvPHlkgMnx0Mkt5CReSoPN5TI0KpjLTWRfHWywqvJVtqM3tXQk8SeuNDq+WPOR/ root@ubuntu-bionic
-----END SSH HOST KEY KEYS-----
[   32.595682] cloud-init[1596]: Cloud-init v. 22.4.2-0ubuntu0~18.04.1 running 'modules:final' at Sun, 19 Mar 2023 18:10:52 +0000. Up 32.30 seconds.
[   32.595836] cloud-init[1596]: Cloud-init v. 22.4.2-0ubuntu0~18.04.1 finished at Sun, 19 Mar 2023 18:10:52 +0000. Datasource DataSourceNoCloud [seed=/dev/sdb][dsmode=net].  Up 32.55 seconds
