[    0.000000] Linux version 4.15.0-206-generic (buildd@lcy02-amd64-070) (gcc version 7.5.0 (Ubuntu 7.5.0-3ubuntu1~18.04)) #217-Ubuntu SMP Fri Feb 3 19:10:13 UTC 2023 (Ubuntu 4.15.0-206.217-generic 4.15.18)
[    0.000000] Command line: BOOT_IMAGE=/boot/vmlinuz-4.15.0-206-generic root=LABEL=cloudimg-rootfs ro console=tty1 console=ttyS0
[    0.000000] KERNEL supported cpus:
[    0.000000]   Intel GenuineIntel
[    0.000000]   AMD AuthenticAMD
[    0.000000]   Centaur CentaurHauls
[    0.000000] x86/fpu: x87 FPU will use FXSAVE
[    0.000000] e820: BIOS-provided physical RAM map:
[    0.000000] BIOS-e820: [mem 0x0000000000000000-0x000000000009fbff] usable
[    0.000000] BIOS-e820: [mem 0x000000000009fc00-0x000000000009ffff] reserved
[    0.000000] BIOS-e820: [mem 0x00000000000f0000-0x00000000000fffff] reserved
[    0.000000] BIOS-e820: [mem 0x0000000000100000-0x000000003ffeffff] usable
[    0.000000] BIOS-e820: [mem 0x000000003fff0000-0x000000003fffffff] ACPI data
[    0.000000] BIOS-e820: [mem 0x00000000fec00000-0x00000000fec00fff] reserved
[    0.000000] BIOS-e820: [mem 0x00000000fee00000-0x00000000fee00fff] reserved
[    0.000000] BIOS-e820: [mem 0x00000000fffc0000-0x00000000ffffffff] reserved
[    0.000000] NX (Execute Disable) protection: active
[    0.000000] SMBIOS 2.5 present.
[    0.000000] DMI: innotek GmbH VirtualBox/VirtualBox, BIOS VirtualBox 12/01/2006
[    0.000000] Hypervisor detected: KVM
[    0.000000] e820: last_pfn = 0x3fff0 max_arch_pfn = 0x400000000
[    0.000000] MTRR: Disabled
[    0.000000] x86/PAT: MTRRs disabled, skipping PAT initialization too.
[    0.000000] CPU MTRRs all blank - virtualized system.
[    0.000000] x86/PAT: Configuration [0-7]: WB  WT  UC- UC  WB  WT  UC- UC  
[    0.000000] found SMP MP-table at [mem 0x0009fff0-0x0009ffff]
[    0.000000] Scanning 1 areas for low memory corruption
[    0.000000] RAMDISK: [mem 0x359c9000-0x36cdbfff]
[    0.000000] ACPI: Early table checksum verification disabled
[    0.000000] ACPI: RSDP 0x00000000000E0000 000024 (v02 VBOX  )
[    0.000000] ACPI: XSDT 0x000000003FFF0030 00003C (v01 VBOX   VBOXXSDT 00000001 ASL  00000061)
[    0.000000] ACPI: FACP 0x000000003FFF00F0 0000F4 (v04 VBOX   VBOXFACP 00000001 ASL  00000061)
[    0.000000] ACPI: DSDT 0x000000003FFF0610 002353 (v02 VBOX   VBOXBIOS 00000002 INTL 20100528)
[    0.000000] ACPI: FACS 0x000000003FFF0200 000040
[    0.000000] ACPI: FACS 0x000000003FFF0200 000040
[    0.000000] ACPI: APIC 0x000000003FFF0240 00005C (v02 VBOX   VBOXAPIC 00000001 ASL  00000061)
[    0.000000] ACPI: SSDT 0x000000003FFF02A0 00036C (v01 VBOX   VBOXCPUT 00000002 INTL 20100528)
[    0.000000] ACPI: Reserving FACP table memory at [mem 0x3fff00f0-0x3fff01e3]
[    0.000000] ACPI: Reserving DSDT table memory at [mem 0x3fff0610-0x3fff2962]
[    0.000000] ACPI: Reserving FACS table memory at [mem 0x3fff0200-0x3fff023f]
[    0.000000] ACPI: Reserving FACS table memory at [mem 0x3fff0200-0x3fff023f]
[    0.000000] ACPI: Reserving APIC table memory at [mem 0x3fff0240-0x3fff029b]
[    0.000000] ACPI: Reserving SSDT table memory at [mem 0x3fff02a0-0x3fff060b]
[    0.000000] No NUMA configuration found
[    0.000000] Faking a node at [mem 0x0000000000000000-0x000000003ffeffff]
[    0.000000] NODE_DATA(0) allocated [mem 0x3ffc5000-0x3ffeffff]
[    0.000000] kvm-clock: cpu 0, msr 0:3ff44001, primary cpu clock
[    0.000000] kvm-clock: Using msrs 4b564d01 and 4b564d00
[    0.000000] kvm-clock: using sched offset of 4132898148 cycles
[    0.000000] clocksource: kvm-clock: mask: 0xffffffffffffffff max_cycles: 0x1cd42e4dffb, max_idle_ns: 881590591483 ns
[    0.000000] Zone ranges:
[    0.000000]   DMA      [mem 0x0000000000001000-0x0000000000ffffff]
[    0.000000]   DMA32    [mem 0x0000000001000000-0x000000003ffeffff]
[    0.000000]   Normal   empty
[    0.000000]   Device   empty
[    0.000000] Movable zone start for each node
[    0.000000] Early memory node ranges
[    0.000000]   node   0: [mem 0x0000000000001000-0x000000000009efff]
[    0.000000]   node   0: [mem 0x0000000000100000-0x000000003ffeffff]
[    0.000000] Reserved but unavailable: 104 pages
[    0.000000] Initmem setup node 0 [mem 0x0000000000001000-0x000000003ffeffff]
[    0.000000] ACPI: PM-Timer IO Port: 0x4008
[    0.000000] IOAPIC[0]: apic_id 2, version 32, address 0xfec00000, GSI 0-23
[    0.000000] ACPI: INT_SRC_OVR (bus 0 bus_irq 0 global_irq 2 dfl dfl)
[    0.000000] ACPI: INT_SRC_OVR (bus 0 bus_irq 9 global_irq 9 low level)
[    0.000000] Using ACPI (MADT) for SMP configuration information
[    0.000000] smpboot: Allowing 2 CPUs, 0 hotplug CPUs
[    0.000000] PM: Registered nosave memory: [mem 0x00000000-0x00000fff]
[    0.000000] PM: Registered nosave memory: [mem 0x0009f000-0x0009ffff]
[    0.000000] PM: Registered nosave memory: [mem 0x000a0000-0x000effff]
[    0.000000] PM: Registered nosave memory: [mem 0x000f0000-0x000fffff]
[    0.000000] e820: [mem 0x40000000-0xfebfffff] available for PCI devices
[    0.000000] Booting paravirtualized kernel on KVM
[    0.000000] clocksource: refined-jiffies: mask: 0xffffffff max_cycles: 0xffffffff, max_idle_ns: 7645519600211568 ns
[    0.000000] setup_percpu: NR_CPUS:8192 nr_cpumask_bits:2 nr_cpu_ids:2 nr_node_ids:1
[    0.000000] percpu: Embedded 50 pages/cpu s167936 r8192 d28672 u1048576
[    0.000000] PV qspinlock hash table entries: 256 (order: 0, 4096 bytes)
[    0.000000] Built 1 zonelists, mobility grouping on.  Total pages: 257913
[    0.000000] Policy zone: DMA32
[    0.000000] Kernel command line: BOOT_IMAGE=/boot/vmlinuz-4.15.0-206-generic root=LABEL=cloudimg-rootfs ro console=tty1 console=ttyS0
[    0.000000] Memory: 982640K/1048120K available (12300K kernel code, 2477K rwdata, 4324K rodata, 2480K init, 2720K bss, 65480K reserved, 0K cma-reserved)
[    0.000000] SLUB: HWalign=64, Order=0-3, MinObjects=0, CPUs=2, Nodes=1
[    0.000000] Kernel/User page tables isolation: enabled
[    0.000000] ftrace: allocating 39485 entries in 155 pages
[    0.004000] Hierarchical RCU implementation.
[    0.004000] 	RCU restricting CPUs from NR_CPUS=8192 to nr_cpu_ids=2.
[    0.004000] 	Tasks RCU enabled.
[    0.004000] RCU: Adjusting geometry for rcu_fanout_leaf=16, nr_cpu_ids=2
[    0.004000] NR_IRQS: 524544, nr_irqs: 440, preallocated irqs: 16
[    0.004000] random: crng init done
[    0.004000] Console: colour VGA+ 80x25
[    0.004000] console [tty1] enabled
[    0.004000] console [ttyS0] enabled
[    0.004000] ACPI: Core revision 20170831
[    0.004000] ACPI: 2 ACPI AML tables successfully acquired and loaded
[    0.004000] APIC: Switch to symmetric I/O mode setup
[    0.004000] ..TIMER: vector=0x30 apic1=0 pin1=2 apic2=-1 pin2=-1
[    0.004000] tsc: Detected 3407.998 MHz processor
[    0.004000] Calibrating delay loop (skipped) preset value.. 6815.99 BogoMIPS (lpj=13631992)
[    0.004007] pid_max: default: 32768 minimum: 301
[    0.008105] Security Framework initialized
[    0.012006] Yama: becoming mindful.
[    0.016124] AppArmor: AppArmor initialized
[    0.028349] Dentry cache hash table entries: 131072 (order: 8, 1048576 bytes)
[    0.038877] Inode-cache hash table entries: 65536 (order: 7, 524288 bytes)
[    0.040133] Mount-cache hash table entries: 2048 (order: 2, 16384 bytes)
[    0.044102] Mountpoint-cache hash table entries: 2048 (order: 2, 16384 bytes)
[    0.054110] Last level iTLB entries: 4KB 64, 2MB 8, 4MB 8
[    0.056006] Last level dTLB entries: 4KB 64, 2MB 0, 4MB 0, 1GB 4
[    0.060006] Spectre V1 : Mitigation: usercopy/swapgs barriers and __user pointer sanitization
[    0.064006] Spectre V2 : Mitigation: Retpolines
[    0.068003] Spectre V2 : Spectre v2 / SpectreRSB mitigation: Filling RSB on context switch
[    0.072004] Spectre V2 : Spectre v2 / SpectreRSB : Filling RSB on VMEXIT
[    0.076004] RETBleed: WARNING: Spectre v2 mitigation leaves CPU vulnerable to RETBleed attacks, data leaks possible!
[    0.080006] RETBleed: Vulnerable
[    0.084002] Speculative Store Bypass: Vulnerable
[    0.088090] MDS: Mitigation: Clear CPU buffers
[    0.092003] MMIO Stale Data: Mitigation: Clear CPU buffers
[    0.096006] SRBDS: Unknown: Dependent on hypervisor status
[    0.100174] Freeing SMP alternatives memory: 36K
[    0.217732] smpboot: CPU0: Intel(R) Core(TM) i7-6700 CPU @ 3.40GHz (family: 0x6, model: 0x5e, stepping: 0x3)
[    0.220645] Performance Events: unsupported p6 CPU model 94 no PMU driver, software events only.
[    0.224198] Hierarchical SRCU implementation.
[    0.228908] NMI watchdog: Perf event create on CPU 0 failed with -2
[    0.232005] NMI watchdog: Perf NMI watchdog permanently disabled
[    0.236546] smp: Bringing up secondary CPUs ...
[    0.241294] x86: Booting SMP configuration:
[    0.244079] .... node  #0, CPUs:      #1
[    0.004000] kvm-clock: cpu 1, msr 0:3ff44041, secondary cpu clock
[    0.260000] TSC synchronization [CPU#0 -> CPU#1]:
[    0.260000] Measured 102929 cycles TSC warp between CPUs, turning off TSC clock.
[    0.260000] tsc: Marking TSC unstable due to check_tsc_sync_source failed
[    0.264289] smp: Brought up 1 node, 2 CPUs
[    0.268009] smpboot: Max logical packages: 1
[    0.272006] smpboot: Total of 2 processors activated (13631.99 BogoMIPS)
[    0.280878] devtmpfs: initialized
[    0.284122] x86/mm: Memory block size: 128MB
[    0.288537] evm: security.selinux
[    0.292003] evm: security.SMACK64
[    0.296004] evm: security.SMACK64EXEC
[    0.300003] evm: security.SMACK64TRANSMUTE
[    0.304003] evm: security.SMACK64MMAP
[    0.308002] evm: security.apparmor
[    0.312004] evm: security.ima
[    0.316051] evm: security.capability
[    0.324335] clocksource: jiffies: mask: 0xffffffff max_cycles: 0xffffffff, max_idle_ns: 7645041785100000 ns
[    0.328014] futex hash table entries: 512 (order: 3, 32768 bytes)
[    0.336011] pinctrl core: initialized pinctrl subsystem
[    0.340680] RTC time: 21:36:20, date: 03/22/23
[    0.345414] NET: Registered protocol family 16
[    0.348150] audit: initializing netlink subsys (disabled)
[    0.352274] audit: type=2000 audit(1679520984.742:1): state=initialized audit_enabled=0 res=1
[    0.368009] cpuidle: using governor ladder
[    0.372009] cpuidle: using governor menu
[    0.376085] ACPI: bus type PCI registered
[    0.380005] acpiphp: ACPI Hot Plug PCI Controller Driver version: 0.5
[    0.384826] PCI: Using configuration type 1 for base access
[    0.392718] HugeTLB registered 2.00 MiB page size, pre-allocated 0 pages
[    0.404581] ACPI: Added _OSI(Module Device)
[    0.408003] ACPI: Added _OSI(Processor Device)
[    0.412004] ACPI: Added _OSI(3.0 _SCP Extensions)
[    0.416004] ACPI: Added _OSI(Processor Aggregator Device)
[    0.420008] ACPI: Added _OSI(Linux-Dell-Video)
[    0.424004] ACPI: Added _OSI(Linux-Lenovo-NV-HDMI-Audio)
[    0.428006] ACPI: Added _OSI(Linux-HPI-Hybrid-Graphics)
[    0.433130] ACPI: Executed 1 blocks of module-level executable AML code
[    0.444767] ACPI: Interpreter enabled
[    0.448020] ACPI: (supports S0 S5)
[    0.452005] ACPI: Using IOAPIC for interrupt routing
[    0.456504] PCI: Using host bridge windows from ACPI; if necessary, use "pci=nocrs" and report a bug
[    0.460369] ACPI: Enabled 2 GPEs in block 00 to 07
[    0.480631] ACPI: PCI Root Bridge [PCI0] (domain 0000 [bus 00-ff])
[    0.484019] acpi PNP0A03:00: _OSC: OS supports [ASPM ClockPM Segments MSI]
[    0.488869] acpi PNP0A03:00: _OSC: not requesting OS control; OS requires [ExtendedConfig ASPM ClockPM MSI]
[    0.492027] acpi PNP0A03:00: fail to add MMCONFIG information, can't access extended PCI configuration space under this bridge.
[    0.497272] PCI host bridge to bus 0000:00
[    0.500011] pci_bus 0000:00: root bus resource [io  0x0000-0x0cf7 window]
[    0.504010] pci_bus 0000:00: root bus resource [io  0x0d00-0xffff window]
[    0.508008] pci_bus 0000:00: root bus resource [mem 0x000a0000-0x000bffff window]
[    0.512008] pci_bus 0000:00: root bus resource [mem 0x40000000-0xfdffffff window]
[    0.516006] pci_bus 0000:00: root bus resource [bus 00-ff]
[    0.528910] pci 0000:00:01.1: legacy IDE quirk: reg 0x10: [io  0x01f0-0x01f7]
[    0.532009] pci 0000:00:01.1: legacy IDE quirk: reg 0x14: [io  0x03f6]
[    0.536021] pci 0000:00:01.1: legacy IDE quirk: reg 0x18: [io  0x0170-0x0177]
[    0.540007] pci 0000:00:01.1: legacy IDE quirk: reg 0x1c: [io  0x0376]
[    0.574377] pci 0000:00:07.0: quirk: [io  0x4000-0x403f] claimed by PIIX4 ACPI
[    0.576043] pci 0000:00:07.0: quirk: [io  0x4100-0x410f] claimed by PIIX4 SMB
[    0.597356] ACPI: PCI Interrupt Link [LNKA] (IRQs 5 9 10 *11)
[    0.600848] ACPI: PCI Interrupt Link [LNKB] (IRQs 5 9 *10 11)
[    0.604251] ACPI: PCI Interrupt Link [LNKC] (IRQs 5 *9 10 11)
[    0.608227] ACPI: PCI Interrupt Link [LNKD] (IRQs 5 9 10 *11)
[    0.617098] SCSI subsystem initialized
[    0.624212] pci 0000:00:02.0: vgaarb: setting as boot VGA device
[    0.628000] pci 0000:00:02.0: vgaarb: VGA device added: decodes=io+mem,owns=io+mem,locks=none
[    0.628009] pci 0000:00:02.0: vgaarb: bridge control possible
[    0.632005] vgaarb: loaded
[    0.636102] ACPI: bus type USB registered
[    0.640050] usbcore: registered new interface driver usbfs
[    0.648036] usbcore: registered new interface driver hub
[    0.652016] usbcore: registered new device driver usb
[    0.656370] EDAC MC: Ver: 3.0.0
[    0.664401] PCI: Using ACPI for IRQ routing
[    0.672092] NetLabel: Initializing
[    0.676006] NetLabel:  domain hash size = 128
[    0.680005] NetLabel:  protocols = UNLABELED CIPSOv4 CALIPSO
[    0.684031] NetLabel:  unlabeled traffic allowed by default
[    0.692282] clocksource: Switched to clocksource kvm-clock
[    0.742459] VFS: Disk quotas dquot_6.6.0
[    0.742459] VFS: Dquot-cache hash table entries: 512 (order 0, 4096 bytes)
[    0.742459] AppArmor: AppArmor Filesystem Enabled
[    0.742459] pnp: PnP ACPI init
[    0.742459] pnp: PnP ACPI: found 3 devices
[    0.841367] clocksource: acpi_pm: mask: 0xffffff max_cycles: 0xffffff, max_idle_ns: 2085701024 ns
[    0.844354] NET: Registered protocol family 2
[    0.844354] IP idents hash table entries: 16384 (order: 5, 131072 bytes)
[    0.870052] TCP established hash table entries: 8192 (order: 4, 65536 bytes)
[    0.878780] TCP bind hash table entries: 8192 (order: 5, 131072 bytes)
[    0.888143] TCP: Hash tables configured (established 8192 bind 8192)
[    0.891411] UDP hash table entries: 512 (order: 2, 16384 bytes)
[    0.891411] UDP-Lite hash table entries: 512 (order: 2, 16384 bytes)
[    0.891411] NET: Registered protocol family 1
[    0.891411] pci 0000:00:00.0: Limiting direct PCI/PCI transfers
[    0.891411] pci 0000:00:01.0: Activating ISA DMA hang workarounds
[    0.891411] pci 0000:00:02.0: Video device with shadowed ROM at [mem 0x000c0000-0x000dffff]
[    0.891411] Unpacking initramfs...
[    1.598086] Freeing initrd memory: 19532K
[    1.604396] clocksource: tsc: mask: 0xffffffffffffffff max_cycles: 0x311fd208cfc, max_idle_ns: 440795283699 ns
[    1.615855] platform rtc_cmos: registered platform RTC device (no PNP device found)
[    1.626151] Scanning for low memory corruption every 60 seconds
[    1.636641] Initialise system trusted keyrings
[    1.642711] Key type blacklist registered
[    1.648445] workingset: timestamp_bits=36 max_order=18 bucket_order=0
[    1.660574] zbud: loaded
[    1.666399] squashfs: version 4.0 (2009/01/31) Phillip Lougher
[    1.676309] fuse init (API version 7.26)
[    1.731797] Key type asymmetric registered
[    1.738015] Asymmetric key parser 'x509' registered
[    1.744563] Block layer SCSI generic (bsg) driver version 0.4 loaded (major 246)
[    1.753792] io scheduler noop registered
[    1.758864] io scheduler deadline registered
[    1.764223] io scheduler cfq registered (default)
[    1.771150] ACPI: AC Adapter [AC] (on-line)
[    1.776659] input: Power Button as /devices/LNXSYSTM:00/LNXPWRBN:00/input/input0
[    1.786112] ACPI: Power Button [PWRF]
[    1.791783] input: Sleep Button as /devices/LNXSYSTM:00/LNXSLPBN:00/input/input1
[    1.800967] ACPI: Sleep Button [SLPF]
[    1.806799] Serial: 8250/16550 driver, 32 ports, IRQ sharing enabled
[    1.845949] 00:02: ttyS0 at I/O 0x3f8 (irq = 4, base_baud = 115200) is a 16550A
[    1.878808] Linux agpgart interface v0.103
[    1.897158] loop: module loaded
[    1.905603] scsi host0: ata_piix
[    1.910995] scsi host1: ata_piix
[    1.915625] ata1: PATA max UDMA/33 cmd 0x1f0 ctl 0x3f6 bmdma 0xd000 irq 14
[    1.925032] ata2: PATA max UDMA/33 cmd 0x170 ctl 0x376 bmdma 0xd008 irq 15
[    1.934831] tun: Universal TUN/TAP device driver, 1.6
[    1.942736] PPP generic driver version 2.4.2
[    1.948795] ehci_hcd: USB 2.0 'Enhanced' Host Controller (EHCI) Driver
[    1.956712] ehci-pci: EHCI PCI platform driver
[    1.962635] ehci-platform: EHCI generic platform driver
[    1.969391] ohci_hcd: USB 1.1 'Open' Host Controller (OHCI) Driver
[    1.977790] ohci-pci: OHCI PCI platform driver
[    1.983286] ohci-platform: OHCI generic platform driver
[    1.989972] uhci_hcd: USB Universal Host Controller Interface driver
[    1.998246] i8042: PNP: PS/2 Controller [PNP0303:PS2K,PNP0f03:PS2M] at 0x60,0x64 irq 1,12
[    2.011891] serio: i8042 KBD port at 0x60,0x64 irq 1
[    2.019448] serio: i8042 AUX port at 0x60,0x64 irq 12
[    2.026468] mousedev: PS/2 mouse device common for all mice
[    2.039083] input: AT Translated Set 2 keyboard as /devices/platform/i8042/serio0/input/input2
[    2.045241] rtc_cmos rtc_cmos: rtc core: registered rtc_cmos as rtc0
[    2.058956] rtc_cmos rtc_cmos: alarms up to one day, 114 bytes nvram
[    2.067130] i2c /dev entries driver
[    2.072486] device-mapper: uevent: version 1.0.3
[    2.079319] device-mapper: ioctl: 4.37.0-ioctl (2017-09-20) initialised: dm-devel@redhat.com
[    2.090931] ledtrig-cpu: registered to indicate activity on CPUs
[    2.104844] NET: Registered protocol family 10
[    2.119573] Segment Routing with IPv6
[    2.124901] NET: Registered protocol family 17
[    2.132205] Key type dns_resolver registered
[    2.172071] mce: Using 0 MCE banks
[    2.176834] RAS: Correctable Errors collector initialized.
[    2.184997] sched_clock: Marking stable (2184808236, 0)->(3363128907, -1178320671)
[    2.196408] registered taskstats version 1
[    2.202187] Loading compiled-in X.509 certificates
[    2.214668] Loaded X.509 cert 'Build time autogenerated kernel key: 4d405f87ce750406625b929cd2e51cc76ab5bcf4'
[    2.227325] Loaded X.509 cert 'Canonical Ltd. Live Patch Signing: 14df34d1a87cf37625abec039ef2bf521249b969'
[    2.239801] Loaded X.509 cert 'Canonical Ltd. Kernel Module Signing: 88f752e560a1e0737e31163a466ad7b70a850c19'
[    2.251519] blacklist: Loading compiled-in revocation X.509 certificates
[    2.260643] Loaded X.509 cert 'Canonical Ltd. Secure Boot Signing: 61482aa2830d0ab2ad5af10b7250da9033ddcef0'
[    2.274584] Loaded X.509 cert 'Canonical Ltd. Secure Boot Signing (2017): 242ade75ac4a15e50d50c84b0d45ff3eae707a03'
[    2.285857] Loaded X.509 cert 'Canonical Ltd. Secure Boot Signing (ESM 2018): 365188c1d374d6b07c3c8f240f8ef722433d6a8b'
[    2.298419] Loaded X.509 cert 'Canonical Ltd. Secure Boot Signing (2019): c0746fd6c5da3ae827864651ad66ae47fe24b3e8'
[    2.310928] Loaded X.509 cert 'Canonical Ltd. Secure Boot Signing (2021 v1): a8d54bbb3825cfb94fa13c9f8a594a195c107b8d'
[    2.323926] Loaded X.509 cert 'Canonical Ltd. Secure Boot Signing (2021 v2): 4cf046892d6fd3c9a5b03f98d845f90851dc6a8c'
[    2.339151] Loaded X.509 cert 'Canonical Ltd. Secure Boot Signing (2021 v3): 100437bb6de6e469b581e61cd66bce3ef4ed53af'
[    2.351500] Loaded X.509 cert 'Canonical Ltd. Secure Boot Signing (Ubuntu Core 2019): c1d57b8f6b743f23ee41f4f7ee292f06eecadfb9'
[    2.365379] zswap: loaded using pool lzo/zbud
[    2.383866] Key type big_key registered
[    2.389283] Key type trusted registered
[    2.399589] Key type encrypted registered
[    2.406084] AppArmor: AppArmor sha1 policy hashing enabled
[    2.414231] ima: No TPM chip found, activating TPM-bypass! (rc=-19)
[    2.421594] ima: Allocated hash algorithm: sha1
[    2.428159] evm: HMAC attrs: 0x1
[    2.436556]   Magic number: 15:444:652
[    2.442797] rtc_cmos rtc_cmos: setting system clock to 2023-03-22 21:36:22 UTC (1679520982)
[    2.455300] BIOS EDD facility v0.16 2004-Jun-25, 0 devices found
[    2.464400] EDD information not available.
[    2.475867] Freeing unused kernel image memory: 2480K
[    2.508539] Write protecting the kernel read-only data: 20480k
[    2.518935] Freeing unused kernel image memory: 2008K
[    2.526414] Freeing unused kernel image memory: 1820K
[    2.541462] x86/mm: Checked W+X mappings: passed, no W+X pages found.
[    2.550262] x86/mm: Checking user space page tables
[    2.567568] x86/mm: Checked W+X mappings: passed, no W+X pages found.
Loading, please wait...
starting version 237
[    2.680607] Fusion MPT base driver 3.04.20
[    2.688684] Copyright (c) 1999-2008 LSI Corporation
[    2.708981] e1000: Intel(R) PRO/1000 Network Driver - version 7.3.21-k8-NAPI
[    2.721458] e1000: Copyright (c) 1999-2006 Intel Corporation.
[    2.763565] Fusion MPT SPI Host driver 3.04.20
[    2.775348] SSE version of gcm_enc/dec engaged.
[    3.024238] input: ImExPS/2 Generic Explorer Mouse as /devices/platform/i8042/serio1/input/input4
[    3.722279] e1000 0000:00:03.0 eth0: (PCI:33MHz:32-bit) 02:25:fb:19:d5:f3
[    3.730531] e1000 0000:00:03.0 eth0: Intel(R) PRO/1000 Network Connection
[    4.590950] e1000 0000:00:08.0 eth1: (PCI:33MHz:32-bit) 08:00:27:6e:8b:92
[    4.598878] e1000 0000:00:08.0 eth1: Intel(R) PRO/1000 Network Connection
[    4.611491] e1000 0000:00:03.0 enp0s3: renamed from eth0
[    4.619933] mptbase: ioc0: Initiating bringup
[    4.636578] e1000 0000:00:08.0 enp0s8: renamed from eth1
[    4.751625] ioc0: LSI53C1030 A0: Capabilities={Initiator}
[    5.016688] scsi host2: ioc0: LSI53C1030 A0, FwRev=00000000h, Ports=1, MaxQ=256, IRQ=20
[    5.197587] scsi 2:0:0:0: Direct-Access     VBOX     HARDDISK         1.0  PQ: 0 ANSI: 5
[    5.240518] scsi target2:0:0: Beginning Domain Validation
[    5.259590] scsi target2:0:0: Domain Validation skipping write tests
[    5.268718] scsi target2:0:0: Ending Domain Validation
[    5.276326] scsi target2:0:0: asynchronous
[    5.286031] scsi 2:0:1:0: Direct-Access     VBOX     HARDDISK         1.0  PQ: 0 ANSI: 5
[    5.324580] scsi target2:0:1: Beginning Domain Validation
[    5.344148] scsi target2:0:1: Domain Validation skipping write tests
[    5.352430] scsi target2:0:1: Ending Domain Validation
[    5.359706] scsi target2:0:1: asynchronous
[    5.382781] sd 2:0:0:0: Attached scsi generic sg0 type 0
[    5.390148] sd 2:0:1:0: Attached scsi generic sg1 type 0
[    5.391936] sd 2:0:1:0: [sdb] 20480 512-byte logical blocks: (10.5 MB/10.0 MiB)
[    5.406968] sd 2:0:1:0: [sdb] Write Protect is off
[    5.407050] sd 2:0:0:0: [sda] 83886080 512-byte logical blocks: (42.9 GB/40.0 GiB)
[    5.424469] sd 2:0:0:0: [sda] Write Protect is off
[    5.424762] sd 2:0:1:0: [sdb] Incomplete mode parameter data
[    5.438598] sd 2:0:1:0: [sdb] Assuming drive cache: write through
[    5.448132] sd 2:0:0:0: [sda] Incomplete mode parameter data
[    5.455875] sd 2:0:0:0: [sda] Assuming drive cache: write through
[    5.470003]  sda: sda1
[    5.473329] sd 2:0:1:0: [sdb] Attached SCSI disk
[    5.485510] sd 2:0:0:0: [sda] Attached SCSI disk
Begin: Loading essential drivers ... [    8.236390] raid6: sse2x1   gen() 97888 MB/s
[    9.239761] raid6: sse2x1   xor() 83793 MB/s
[   10.236440] raid6: sse2x2   gen() 144841 MB/s
[   11.236262] raid6: sse2x2   xor() 104073 MB/s
[   12.241268] raid6: sse2x4   gen() 160610 MB/s
[   13.238951] raid6: sse2x4   xor() 105648 MB/s
[   13.245882] raid6: using algorithm sse2x4 gen() 160610 MB/s
[   13.253330] raid6: .... xor() 105648 MB/s, rmw enabled
[   13.260965] raid6: using ssse3x2 recovery algorithm
[   13.271207] xor: measuring software checksum speed
[   13.380347]    prefetch64-sse: 47521.000 MB/sec
[   13.484065]    generic_sse: 43161.000 MB/sec
[   13.491510] xor: using function: prefetch64-sse (47521.000 MB/sec)
[   13.503151] async_tx: api initialized (async)
done.
Begin: Running /scripts/init-premount ... done.
Begin: Mounting root file system ... Begin: Running /scripts/local-top ... done.
Begin: Running /scripts/local-premount ... [   13.594363] Btrfs loaded, crc32c=crc32c-intel
Scanning for Btrfs filesystems
done.
Warning: fsck not present, so skipping root file system
[   13.662165] EXT4-fs (sda1): mounted filesystem with ordered data mode. Opts: (null)
done.
Begin: Running /scripts/local-bottom ... done.
Begin: Running /scripts/init-bottom ... done.
[   13.952892] ip_tables: (C) 2000-2006 Netfilter Core Team
[   13.981349] systemd[1]: systemd 237 running in system mode. (+PAM +AUDIT +SELINUX +IMA +APPARMOR +SMACK +SYSVINIT +UTMP +LIBCRYPTSETUP +GCRYPT +GNUTLS +ACL +XZ +LZ4 +SECCOMP +BLKID +ELFUTILS +KMOD -IDN2 +IDN -PCRE2 default-hierarchy=hybrid)
[   14.006740] systemd[1]: Detected virtualization oracle.
[   14.014291] systemd[1]: Detected architecture x86-64.

Welcome to [1mUbuntu 18.04.6 LTS[0m!

[   14.055304] systemd[1]: Set hostname to <ubuntu>.
[   14.066949] systemd[1]: Initializing machine ID from random generator.
[   14.076641] systemd[1]: Installed transient /etc/machine-id file.
[   14.620514] systemd[1]: Reached target Swap.
[[0;32m  OK  [0m] Reached target Swap.
[   14.630120] systemd[1]: Started Forward Password Requests to Wall Directory Watch.
[[0;32m  OK  [0m] Started Forward Password Requests to Wall Directory Watch.
[   14.646006] systemd[1]: Set up automount Arbitrary Executable File Formats File System Automount Point.
[[0;32m  OK  [0m] Set up automount Arbitrary Executabâ€¦rmats File System Automount Point.
[   14.666481] systemd[1]: Reached target System Time Synchronized.
[[0;32m  OK  [0m] Reached target System Time Synchronized.
[[0;32m  OK  [0m] Created slice System Slice.
[[0;32m  OK  [0m] Listening on udev Control Socket.
[[0;32m  OK  [0m] Listening on Journal Audit Socket.
[[0;32m  OK  [0m] Listening on Network Service Netlink Socket.
[[0;32m  OK  [0m] Listening on LVM2 poll daemon socket.
[[0;32m  OK  [0m] Listening on Syslog Socket.
[[0;32m  OK  [0m] Listening on fsck to fsckd communication Socket.
[[0;32m  OK  [0m] Reached target User and Group Name Lookups.
[[0;32m  OK  [0m] Listening on Journal Socket.
         Starting Create list of required stâ€¦ce nodes for the current kernel...
         Starting Uncomplicated firewall...
         Starting Load Kernel Modules...
         Mounting Huge Pages File System...
         Starting File System Check on Root Device...
         Mounting POSIX Message Queue File System...
[[0;32m  OK  [0m] Listening on Journal Socket (/dev/log).
[[0;32m  OK  [0m] Listening on Device-mapper event daemon FIFOs.
[[0;32m  OK  [0m] Listening on LVM2 metadata daemon socket.
[   14.807551] Loading iSCSI transport class v2.0-870.
         Starting Monitoring of LVM2 mirrorsâ€¦ng dmeventd or progress polling...
[[0;32m  OK  [0m] Reached target Mounting snaps.
         Starting Journal Service...
         Starting Set the console keyboard layout...
[[0;32m  OK  [0m] Reached target Mounted snaps.
[[0;32m  OK  [0m] Listening on udev Kernel Socket.
         Starting udev Coldplug all Devices...[   14.885084] iscsi: registered transport (tcp)

[[0;32m  OK  [0m] Listening on /dev/initctl Compatibility Named Pipe.
[[0;32m  OK  [0m] Created slice User and Session Slice.
[[0;32m  OK  [0m] Reached target Slices.
[[0;32m  OK  [0m] Created slice system-serial\x2dgetty.slice.
         Mounting Kernel Debug File System...
[[0;32m  OK  [0m] Started Create list of required staâ€¦vice nodes for the current kernel.
[[0;32m  OK  [0m] Started Uncomplicated firewall.
[[0;32m  OK  [0m] Mounted Huge Pages File System.
[[0;32m  OK  [0m] Started File System Check on Root Device.
[[0;32m  OK  [0m] Mounted POSIX Message Queue File System.
[[0;32m  OK  [0m] Mounted Kernel Debug File System.
[[0;32m  OK  [0m] Started LVM2 metadata daemon.
[[0;32m  OK  [0m] Started File System Check Daemon to report status.
         Starting Remount Root and Kernel File Systems...
         Starting Create Static Device Nodes in /dev...
[[0;32m  OK  [0m] Started Journal Service.
[[0;32m  OK  [0m] Started udev Coldplug all Devices.
[[0;32m  OK  [0m] Started Create Static Device Nodes in /dev.
[   15.096878] iscsi: registered transport (iser)
[   15.102568] EXT4-fs (sda1): re-mounted. Opts: (null)
[[0;32m  OK  [0m] Started Remount Root and Kernel File Systems.
[[0;32m  OK  [0m] Started Load Kernel Modules.
         Mounting FUSE Control File System...
         Mounting Kernel Configuration File System...
         Starting Apply Kernel Variables...
         Starting udev Kernel Device Manager...
         Starting Load/Save Random Seed...
         Starting Flush Journal to Persistent Storage...
[[0;32m  OK  [0m] Started Monitoring of LVM2 mirrors,â€¦sing dmeventd or progress polling.
[[0;32m  OK  [0m] Mounted FUSE Control File System.
[[0;32m  OK  [0m] Mounted Kernel Configuration File System.
[[0;32m  OK  [0m] Started Load/Save Random Seed.
[   15.188331] systemd-journald[417]: Received request to flush runtime journal from PID 1
[[0;32m  OK  [0m] Started udev Kernel Device Manager.
[[0;32m  OK  [0m] Started Apply Kernel Variables.
[[0;32m  OK  [0m] Started Flush Journal to Persistent Storage.
[[0;32m  OK  [0m] Found device /dev/ttyS0.
[[0;32m  OK  [0m] Listening on Load/Save RF Kill Switch Status /dev/rfkill Watch.
[[0;32m  OK  [0m] Started Set the console keyboard layout.
[[0;32m  OK  [0m] Started Dispatch Password Requests to Console Directory Watch.
[[0;32m  OK  [0m] Reached target Local Encrypted Volumes.
[[0;32m  OK  [0m] Reached target Local File Systems (Pre).
[[0;32m  OK  [0m] Reached target Local File Systems.
         Starting AppArmor initialization...
         Starting ebtables ruleset management...
         Starting Create Volatile Files and Directories...
         Starting Tell Plymouth To Write Out Runtime Data...
         Starting Set console font and keymap...
         Starting Commit a transient machine-id on disk...
[[0;32m  OK  [0m] Started Tell Plymouth To Write Out Runtime Data.
[[0;32m  OK  [0m] Started Create Volatile Files and Directories.
         Starting Update UTMP about System Boot/Shutdown...
[[0;32m  OK  [0m] Started Update UTMP about System Boot/Shutdown.
[[0;32m  OK  [0m] Started Commit a transient machine-id on disk.
         Mounting Arbitrary Executable File Formats File System...
[[0;32m  OK  [0m] Mounted Arbitrary Executable File Formats File System.
[[0;32m  OK  [0m] Started ebtables ruleset management.
[[0;32m  OK  [0m] Started AppArmor initialization.
         Starting Load AppArmor profiles managed internally by snapd...
         Starting Initial cloud-init job (pre-networking)...
[[0;32m  OK  [0m] Started Load AppArmor profiles managed internally by snapd.
[[0;32m  OK  [0m] Started Set console font and keymap.
[   19.832076] cloud-init[792]: Cloud-init v. 22.4.2-0ubuntu0~18.04.1 running 'init-local' at Wed, 22 Mar 2023 21:36:39 +0000. Up 19.39 seconds.
[[0;32m  OK  [0m] Started Initial cloud-init job (pre-networking).
[[0;32m  OK  [0m] Reached target Network (Pre).
         Starting Network Service...
[[0;32m  OK  [0m] Started Network Service.
         Starting Network Name Resolution...
         Starting Wait for Network to be Configured...
[[0;32m  OK  [0m] Started Network Name Resolution.
[[0;32m  OK  [0m] Reached target Network.
[[0;32m  OK  [0m] Reached target Host and Network Name Lookups.
[[0;32m  OK  [0m] Started Wait for Network to be Configured.
         Starting Initial cloud-init job (metadata service crawler)...
[   22.025006] cloud-init[919]: Cloud-init v. 22.4.2-0ubuntu0~18.04.1 running 'init' at Wed, 22 Mar 2023 21:36:41 +0000. Up 21.86 seconds.
[   22.030639] cloud-init[919]: ci-info: ++++++++++++++++++++++++++++++++++++++Net device info+++++++++++++++++++++++++++++++++++++++
[   22.035995] cloud-init[919]: ci-info: +--------+-------+----------------------------+---------------+--------+-------------------+
[   22.041962] cloud-init[919]: ci-info: | Device |   Up  |          Address           |      Mask     | Scope  |     Hw-Address    |
[   22.047428] cloud-init[919]: ci-info: +--------+-------+----------------------------+---------------+--------+-------------------+
[   22.053131] cloud-init[919]: ci-info: | enp0s3 |  True |         10.0.2.15          | 255.255.255.0 | global | 02:25:fb:19:d5:f3 |
[   22.058889] cloud-init[919]: ci-info: | enp0s3 |  True | fe80::25:fbff:fe19:d5f3/64 |       .       |  link  | 02:25:fb:19:d5:f3 |
[   22.065048] cloud-init[919]: ci-info: | enp0s8 | False |             .              |       .       |   .    | 08:00:27:6e:8b:92 |
[   22.071013] cloud-init[919]: ci-info: |   lo   |  True |         127.0.0.1          |   255.0.0.0   |  host  |         .         |
[   22.076576] cloud-init[919]: ci-info: |   lo   |  True |          ::1/128           |       .       |  host  |         .         |
[   22.082209] cloud-init[919]: ci-info: +--------+-------+----------------------------+---------------+--------+-------------------+
[   22.087479] cloud-init[919]: ci-info: ++++++++++++++++++++++++++++Route IPv4 info+++++++++++++++++++++++++++++
[   22.092544] cloud-init[919]: ci-info: +-------+-------------+----------+-----------------+-----------+-------+
[   22.096712] cloud-init[919]: ci-info: | Route | Destination | Gateway  |     Genmask     | Interface | Flags |
[   22.101201] cloud-init[919]: ci-info: +-------+-------------+----------+-----------------+-----------+-------+
[   22.106128] cloud-init[919]: ci-info: |   0   |   0.0.0.0   | 10.0.2.2 |     0.0.0.0     |   enp0s3  |   UG  |
[   22.110358] cloud-init[919]: ci-info: |   1   |   10.0.2.0  | 0.0.0.0  |  255.255.255.0  |   enp0s3  |   U   |
[   22.114483] cloud-init[919]: ci-info: |   2   |   10.0.2.2  | 0.0.0.0  | 255.255.255.255 |   enp0s3  |   UH  |
[   22.119136] cloud-init[919]: ci-info: +-------+-------------+----------+-----------------+-----------+-------+
[   22.123789] cloud-init[919]: ci-info: +++++++++++++++++++Route IPv6 info+++++++++++++++++++
[   22.137391] cloud-init[919]: ci-info: +-------+-------------+---------+-----------+-------+
[   22.142974] cloud-init[919]: ci-info: | Route | Destination | Gateway | Interface | Flags |
[   22.149890] cloud-init[919]: ci-info: +-------+-------------+---------+-----------+-------+
[   22.156883] cloud-init[919]: ci-info: |   1   |  fe80::/64  |    ::   |   enp0s3  |   U   |
[   22.163121] cloud-init[919]: ci-info: |   3   |    local    |    ::   |   enp0s3  |   U   |
[   22.171086] cloud-init[919]: ci-info: |   4   |   ff00::/8  |    ::   |   enp0s3  |   U   |
[   22.178217] cloud-init[919]: ci-info: +-------+-------------+---------+-----------+-------+
[   23.242799] cloud-init[919]: Generating public/private rsa key pair.
[   23.246569] cloud-init[919]: Your identification has been saved in /etc/ssh/ssh_host_rsa_key.
[   23.250448] cloud-init[919]: Your public key has been saved in /etc/ssh/ssh_host_rsa_key.pub.
[   23.254917] cloud-init[919]: The key fingerprint is:
[   23.257122] cloud-init[919]: SHA256:OUtb7vkflZVC7X5tN743rZ7vQx8UPOXg3z+CUzQDFmk root@ubuntu-bionic
[   23.261146] cloud-init[919]: The key's randomart image is:
[   23.263314] cloud-init[919]: +---[RSA 2048]----+
[   23.265732] cloud-init[919]: |           +o.+ o|
[   23.270978] cloud-init[919]: |          .Eo. B.|
[   23.276725] cloud-init[919]: |          .  =o.=|
[   23.281798] cloud-init[919]: |         .  . +++|
[   23.287309] cloud-init[919]: |        S .  .o.=|
[   23.292524] cloud-init[919]: |       . *  o  **|
[   23.298062] cloud-init[919]: |        o .o .+oO|
[   23.303262] cloud-init[919]: |         . .. .*=|
[   23.308962] cloud-init[919]: |          o..o==B|
[   23.314690] cloud-init[919]: +----[SHA256]-----+
[[0;32m  OK  [0m] Started Initial cloud-init job (metadata service crawler).
[   23.324957] cloud-init[919]: Generating public/private dsa key pair.
[   23.328767] cloud-init[919]: Your identification has been saved in /etc/ssh/ssh_host_dsa_key.
[   23.332384] cloud-init[919]: Your public key has been saved in /etc/ssh/ssh_host_dsa_key.pub.
[   23.337024] cloud-init[919]: The key fingerprint is:
[   23.348501] cloud-init[919]: SHA256:sCaSHG0HTCez2yapxC3NadU3o5ekezLHmOy37a0YQDs root@ubuntu-bionic
[[   23.353095] cloud-init[919]: The key's randomart image is:
[   23.353406] cloud-init[919]: +---[DSA 1024]----+
[   23.353453] cloud-init[919]: |   o= .          |
[   23.353482] cloud-init[919]: |   ..* .         |
[   23.354050] cloud-init[919]: |  . + + o =      |
[   23.354573] cloud-init[919]: | o B B + * +     |
[   23.355121] cloud-init[919]: |  B @ = E o      |
[   23.355691] cloud-init[919]: | . = = . O       |
[   23.356607] cloud-init[919]: |  .     B =      |
[   23.356646] cloud-init[919]: |       . =.+ .   |
[   23.356684] cloud-init[919]: |        ..oo+..  |
[   23.357211] cloud-init[919]: +----[SHA256]-----+
[   23.357726] cloud-init[919]: Generating public/private ecdsa key pair.
[   23.358179] cloud-init[919]: Your identification has been saved in /etc/ssh/ssh_host_ecdsa_key.
[   23.358795] cloud-init[919]: Your public key has been saved in /etc/ssh/ssh_host_ecdsa_key.pub.
[   23.358841] cloud-init[919]: The key fingerprint is:
[   23.358870] cloud-init[919]: SHA256:TmoMy3TQSmhGKV5GMWlVEjNfgjDOtbCbQObadasZSIY root@ubuntu-bionic
[   23.359410] cloud-init[919]: The key's randomart image is:
[   23.359843] cloud-init[919]: +---[ECDSA 256]---+
[   23.360877] cloud-init[919]: | ooO=B+o .       |
[   23.361321] cloud-init[919]: |=o+**o* o        |
[   23.361826] cloud-init[919]: |E+X++.o.         |
[   23.362332] cloud-init[919]: |.B.+o+ .         |
[   23.362861] cloud-init[919]: |. oo= o S        |
[   23.363307] cloud-init[919]: |   o O +         |
[   23.363356] cloud-init[919]: |    = + .        |
[   23.363386] cloud-init[919]: |     .           |
[   23.363414] cloud-init[919]: |                 |
[   23.363441] cloud-init[919]: +----[SHA256]-----+
[   23.363469] cloud-init[919]: Generating public/private ed25519 key pair.
[   23.363497] cloud-init[919]: Your identification has been saved in /etc/ssh/ssh_host_ed25519_key.
[   23.363528] cloud-init[919]: Your public key has been saved in /etc/ssh/ssh_host_ed25519_key.pub.
[   23.364817] cloud-init[919]: The key fingerprint is:
[   23.365314] cloud-init[919]: SHA256:3UmbNgSAPkDFTsckno8d5tiZn/r0QPcixL7qZ53VCfU root@ubuntu-bionic
[   23.365894] cloud-init[919]: The key's randomart image is:
[   23.365965] cloud-init[919]: +--[ED25519 256]--+
[   23.366000] cloud-init[919]: |   ..oo+o..      |
[   23.366039] cloud-init[919]: |    ..+oo  .   . |
[   23.366071] cloud-init[919]: |     =o.o   o . .|
[   23.366673] cloud-init[919]: |      +O * + =  E|
[   23.367227] cloud-init[919]: |      o.S = O ...|
[   23.367829] cloud-init[919]: |         = + o...|
[   23.368803] cloud-init[919]: |          B..o.  |
[   23.369262] cloud-init[919]: |         oo=o.   |
[   23.369790] cloud-init[919]: |       .+=o .    |
[   23.370192] cloud-init[919]: +----[SHA256]-----+
[0;32m  OK  [0m] Reached target Network is Online.
[[0;32m  OK  [0m] Reached target Remote File Systems (Pre).
[[0;32m  OK  [0m] Reached target Remote File Systems.
         Starting Availability of block devices...
[[0;32m  OK  [0m] Reached target Cloud-config availability.
[[0;32m  OK  [0m] Reached target System Initialization.
[[0;32m  OK  [0m] Listening on D-Bus System Message Bus Socket.
         Starting LXD - unix socket.
[[0;32m  OK  [0m] Started Ubuntu Advantage Timer for running repeated jobs.
[[0;32m  OK  [0m] Started Daily Cleanup of Temporary Directories.
[[0;32m  OK  [0m] Listening on UUID daemon activation socket.
[[0;32m  OK  [0m] Listening on Open-iSCSI iscsid Socket.
[[0;32m  OK  [0m] Started Discard unused blocks once a week.
         Starting Socket activation for snappy daemon.
[[0;32m  OK  [0m] Started Message of the Day.
[[0;32m  OK  [0m] Started Daily apt download activities.
[[0;32m  OK  [0m] Started Daily apt upgrade and clean activities.
[[0;32m  OK  [0m] Reached target Timers.
[[0;32m  OK  [0m] Listening on ACPID Listen Socket.
[[0;32m  OK  [0m] Listening on cloud-init hotplug hook socket.
[[0;32m  OK  [0m] Started ACPI Events Check.
[[0;32m  OK  [0m] Reached target Paths.
[[0;32m  OK  [0m] Started Availability of block devices.
[[0;32m  OK  [0m] Listening on LXD - unix socket.
[[0;32m  OK  [0m] Listening on Socket activation for snappy daemon.
[[0;32m  OK  [0m] Reached target Sockets.
[[0;32m  OK  [0m] Reached target Basic System.
[[0;32m  OK  [0m] Started irqbalance daemon.
         Starting Pollinate to seed the pseudo random number generator...
         Starting Snap Daemon...
         Starting Login Service...
         Starting Dispatcher daemon for systemd-networkd...
         Starting Virtualbox guest utils...
         Starting System Logging Service...
[[0;32m  OK  [0m] Started Regular background program processing daemon.
[[0;32m  OK  [0m] Started Deferred execution scheduler.
[[0;32m  OK  [0m] Started FUSE filesystem for LXC.
[[0;32m  OK  [0m] Started D-Bus System Message Bus.
[[0;32m  OK  [0m] Started Login Service.
[[0;32m  OK  [0m] Started Unattended Upgrades Shutdown.
         Starting Permit User Sessions...
         Starting LSB: automatic crash report generation...
         Starting LSB: Record successful boot for GRUB...
         Starting Accounts Service...
[[0;32m  OK  [0m] Reached target Login Prompts (Pre).
         Starting LXD - container startup/shutdown...
[[0;32m  OK  [0m] Started System Logging Service.
[[0;32m  OK  [0m] Started Permit User Sessions.
         Starting Hold until boot process finishes up...
         Starting Terminate Plymouth Boot Screen...
[[0;32m  OK  [0m] Started Hold until boot process finishes up.
[[0;32m  OK  [0m] Started Terminate Plymouth Boot Screen.
[[0;32m  OK  [0m] Started Serial Getty on ttyS0.
         Starting Set console scheme...
[[0;32m  OK  [0m] Started Set console scheme.
[[0;32m  OK  [0m] Created slice system-getty.slice.
[[0;32m  OK  [0m] Started Getty on tty1.
[[0;32m  OK  [0m] Reached target Login Prompts.
[[0;32m  OK  [0m] Started LSB: automatic crash report generation.
[[0;32m  OK  [0m] Started Dispatcher daemon for systemd-networkd.
         Starting Authorization Manager...
[[0;32m  OK  [0m] Started LSB: Record successful boot for GRUB.
[[0;32m  OK  [0m] Started Virtualbox guest utils.
[[0;32m  OK  [0m] Started Authorization Manager.
[[0;32m  OK  [0m] Started Accounts Service.
[[0;32m  OK  [0m] Started LXD - container startup/shutdown.
[[0;32m  OK  [0m] Started Snap Daemon.
         Starting Wait until snapd is fully seeded...
[[0;32m  OK  [0m] Started Pollinate to seed the pseudo random number generator.
         Starting OpenBSD Secure Shell server...
[[0;32m  OK  [0m] Started OpenBSD Secure Shell server.
[[0;32m  OK  [0m] Created slice User Slice of vagrant.
         Starting User Manager for UID 1000...
[[0;32m  OK  [0m] Started Session 1 of user vagrant.
[[0;32m  OK  [0m] Started User Manager for UID 1000.
         Starting Time & Date Service...
[[0;32m  OK  [0m] Started Time & Date Service.
[[0;32m  OK  [0m] Started Wait until snapd is fully seeded.
         Starting Apply the settings specified in cloud-config...
[   29.764998] cloud-init[1519]: Cloud-init v. 22.4.2-0ubuntu0~18.04.1 running 'modules:config' at Wed, 22 Mar 2023 21:36:48 +0000. Up 28.33 seconds.

Ubuntu 18.04.6 LTS ubuntu-bionic ttyS0

ubuntu-bionic login: ci-info: no authorized SSH keys fingerprints found for user ubuntu.
<14>Mar 22 21:36:50 cloud-init: #############################################################
<14>Mar 22 21:36:50 cloud-init: -----BEGIN SSH HOST KEY FINGERPRINTS-----
<14>Mar 22 21:36:50 cloud-init: 1024 SHA256:sCaSHG0HTCez2yapxC3NadU3o5ekezLHmOy37a0YQDs root@ubuntu-bionic (DSA)
<14>Mar 22 21:36:50 cloud-init: 256 SHA256:TmoMy3TQSmhGKV5GMWlVEjNfgjDOtbCbQObadasZSIY root@ubuntu-bionic (ECDSA)
<14>Mar 22 21:36:50 cloud-init: 256 SHA256:3UmbNgSAPkDFTsckno8d5tiZn/r0QPcixL7qZ53VCfU root@ubuntu-bionic (ED25519)
<14>Mar 22 21:36:50 cloud-init: 2048 SHA256:OUtb7vkflZVC7X5tN743rZ7vQx8UPOXg3z+CUzQDFmk root@ubuntu-bionic (RSA)
<14>Mar 22 21:36:50 cloud-init: -----END SSH HOST KEY FINGERPRINTS-----
<14>Mar 22 21:36:50 cloud-init: #############################################################
-----BEGIN SSH HOST KEY KEYS-----
ecdsa-sha2-nistp256 AAAAE2VjZHNhLXNoYTItbmlzdHAyNTYAAAAIbmlzdHAyNTYAAABBBB/AkBgsyNbWDntqE8xA0XoPfEy3oplJy1TKvar8JUS/a3php50IOLSUkRWms1ZMNWQkXIt1ciQjiB+EQ7rnDZw= root@ubuntu-bionic
ssh-ed25519 AAAAC3NzaC1lZDI1NTE5AAAAIDrWeQCRQypaMms2+gsWK0b7k41lOdXQ/d7mbFtgnQL7 root@ubuntu-bionic
ssh-rsa AAAAB3NzaC1yc2EAAAADAQABAAABAQCjW52hZXR5pp1n2gFiLEZpjWcAHw0RSqdnn0o+1BJNZ6FWeJ34ixuyKIn6f3QJXCItbaNYJY8R4gSrgKDtE2zth4UrTQrmSoPnS2N5xFb4Mrt/B6LX7EMJ2fn6eK95R2ODWoOrPmiNl723Eyv3tqaBnKqb0avHZgNlknvOJSrZmRRMymqXVxsj0R5socnWSN3lLWo+6Zuvhn9J8lLsSIdf45aOJ1Bl1YlFl8nMnLjYary9JqyQGMNc99TMx4Top93TwiJmGzFMQOv0XjJcRhVlzmYfcMdCB7RO4nEGrJoZUWmhVUsDczosxi7KVIa8ex9tziE4DxfdSDX62K9UsZU1 root@ubuntu-bionic
-----END SSH HOST KEY KEYS-----
[   31.019288] cloud-init[1637]: Cloud-init v. 22.4.2-0ubuntu0~18.04.1 running 'modules:final' at Wed, 22 Mar 2023 21:36:50 +0000. Up 30.69 seconds.
[   31.030227] cloud-init[1637]: Cloud-init v. 22.4.2-0ubuntu0~18.04.1 finished at Wed, 22 Mar 2023 21:36:51 +0000. Datasource DataSourceNoCloud [seed=/dev/sdb][dsmode=net].  Up 30.96 seconds
